BL51 BANKED LINKER/LOCATER V6.22                                                        08/28/2024  17:05:56  PAGE 1


BL51 BANKED LINKER/LOCATER V6.22, INVOKED BY:
C:\KEIL _C51\C51\BIN\BL51.EXE ..\hex\adc.obj, ..\hex\MAIN.obj, ..\hex\pwm.obj, ..\hex\stc8aid.obj, ..\hex\timer.obj, ..\
>> hex\UART.obj, ..\hex\24cxx.obj, ..\hex\main_interface.obj, ..\hex\XS_loading.obj, ..\hex\XS_advanced_settings.obj, ..
>> \hex\XS_basic_setting.obj, ..\hex\XS_set_pulse.obj, ..\hex\XS_tq_work.obj, ..\hex\XS_adjust_power.obj, ..\hex\ads7843
>> .obj, ..\hex\display.obj, ..\hex\eeprom_data.obj, ..\hex\other.obj, ..\hex\cut_tq_work.obj, ..\hex\dis_tq_work.obj TO
>>  ..\hex\1 PRINT (.\LIST\1.m51) RAMSIZE (256)


MEMORY MODEL: LARGE


INPUT MODULES INCLUDED:
  ..\hex\adc.obj (ADC)
  ..\hex\MAIN.obj (MAIN)
  ..\hex\pwm.obj (PWM)
  ..\hex\stc8aid.obj (STC8AID)
  ..\hex\timer.obj (TIMER)
  ..\hex\UART.obj (UART)
  ..\hex\24cxx.obj (24CXX)
  ..\hex\main_interface.obj (MAIN_INTERFACE)
  ..\hex\XS_loading.obj (XS_LOADING)
  ..\hex\XS_advanced_settings.obj (XS_ADVANCED_SETTINGS)
  ..\hex\XS_basic_setting.obj (XS_BASIC_SETTING)
  ..\hex\XS_set_pulse.obj (XS_SET_PULSE)
  ..\hex\XS_tq_work.obj (XS_TQ_WORK)
  ..\hex\XS_adjust_power.obj (XS_ADJUST_POWER)
  ..\hex\ads7843.obj (ADS7843)
  ..\hex\display.obj (DISPLAY)
  ..\hex\eeprom_data.obj (EEPROM_DATA)
  ..\hex\other.obj (OTHER)
  ..\hex\cut_tq_work.obj (CUT_TQ_WORK)
  ..\hex\dis_tq_work.obj (DIS_TQ_WORK)
  C:\KEIL _C51\C51\LIB\C51L.LIB (?C_STARTUP)
  C:\KEIL _C51\C51\LIB\C51L.LIB (?C?CLDPTR)
  C:\KEIL _C51\C51\LIB\C51L.LIB (?C?CLDOPTR)
  C:\KEIL _C51\C51\LIB\C51L.LIB (?C?CSTPTR)
  C:\KEIL _C51\C51\LIB\C51L.LIB (?C?CSTOPTR)
  C:\KEIL _C51\C51\LIB\C51L.LIB (?C?IMUL)
  C:\KEIL _C51\C51\LIB\C51L.LIB (?C?UIDIV)
  C:\KEIL _C51\C51\LIB\C51L.LIB (?C?IILDX)
  C:\KEIL _C51\C51\LIB\C51L.LIB (?C?ILDOPTR)
  C:\KEIL _C51\C51\LIB\C51L.LIB (?C?LMUL)
  C:\KEIL _C51\C51\LIB\C51L.LIB (?C?ULDIV)
  C:\KEIL _C51\C51\LIB\C51L.LIB (?C?SLDIV)
  C:\KEIL _C51\C51\LIB\C51L.LIB (?C?SLCMP)
  C:\KEIL _C51\C51\LIB\C51L.LIB (?C?ULCMP)
  C:\KEIL _C51\C51\LIB\C51L.LIB (?C?SLSHR)
  C:\KEIL _C51\C51\LIB\C51L.LIB (?C?LSHL)
  C:\KEIL _C51\C51\LIB\C51L.LIB (?C?LSTXDATA)
  C:\KEIL _C51\C51\LIB\C51L.LIB (?C?LSTKXDATA)
  C:\KEIL _C51\C51\LIB\C51L.LIB (?C?OFFXADD)
  C:\KEIL _C51\C51\LIB\C51L.LIB (?C?CCASE)
  C:\KEIL _C51\C51\LIB\C51L.LIB (?C_INIT)


LINK MAP OF MODULE:  ..\hex\1 (ADC)


BL51 BANKED LINKER/LOCATER V6.22                                                      08/28/2024  17:05:56  PAGE 2


            TYPE    BASE      LENGTH    RELOCATION   SEGMENT NAME
            -----------------------------------------------------

            * * * * * * *   D A T A   M E M O R Y   * * * * * * *
            REG     0000H     0008H     ABSOLUTE     "REG BANK 0"
            REG     0008H     0008H     ABSOLUTE     "REG BANK 1"
                    0010H     0010H                  *** GAP ***
            BIT     0020H.0   0000H.4   UNIT         ?BI?MAIN
            BIT     0020H.4   0000H.2   UNIT         ?BI?UART
                    0020H.6   0000H.2                *** GAP ***
            IDATA   0021H     0001H     UNIT         ?STACK

            * * * * * * *  X D A T A   M E M O R Y  * * * * * * *
            XDATA   0000H     00D2H     UNIT         ?XD?ADC
            XDATA   00D2H     007AH     UNIT         _XDATA_GROUP_
            XDATA   014CH     0033H     UNIT         ?XD?MAIN
            XDATA   017FH     002DH     UNIT         ?XD?UART
            XDATA   01ACH     0010H     UNIT         ?XD?TIMER
            XDATA   01BCH     000EH     UNIT         ?XD?DIS_TQ_WORK
            XDATA   01CAH     0003H     UNIT         ?XD?STC8AID

            * * * * * * *   C O D E   M E M O R Y   * * * * * * *
            CODE    0000H     0003H     ABSOLUTE     
            CODE    0003H     0008H     UNIT         ?PR?_UART3SEND?UART
            CODE    000BH     0003H     ABSOLUTE     
            CODE    000EH     000CH     UNIT         ?PR?WRITE_MAX_WATER_TEMP?EEPROM_DATA
                    001AH     0001H                  *** GAP ***
            CODE    001BH     0003H     ABSOLUTE     
            CODE    001EH     0034H     UNIT         ?PR?DIS_ADJUST_POWER_TQ_SET_TIME?XS_ADJUST_POWER
                    0052H     0001H                  *** GAP ***
            CODE    0053H     0003H     ABSOLUTE     
            CODE    0056H     0033H     UNIT         ?PR?_DELAY_MS?TIMER
            CODE    0089H     0002H     UNIT         ?CO?DIS_TQ_WORK
            CODE    008BH     0003H     ABSOLUTE     
            CODE    008EH     0CECH     UNIT         ?PR?MAIN_XS_TQ_WORK?XS_TQ_WORK
            CODE    0D7AH     05D3H     UNIT         ?PR?_DIS_ADV_PASSWORD?XS_ADVANCED_SETTINGS
            CODE    134DH     04B0H     UNIT         ?PR?_DIS_FONT_WEI_DECIMAL_TWO_VALUE?DISPLAY
            CODE    17FDH     0491H     UNIT         ?PR?_DIS_FONT_WEI_VALUE?DISPLAY
            CODE    1C8EH     03CBH     UNIT         ?PR?_DIS_FONT_NUMBER_C?DISPLAY
            CODE    2059H     038DH     UNIT         ?PR?_DIS_FONT_WEI_NUMBER_CM?DISPLAY
            CODE    23E6H     031AH     UNIT         ?PR?MAIN_XS_ADJUST_POWER?XS_ADJUST_POWER
            CODE    2700H     0309H     UNIT         ?C?LIB_CODE
            CODE    2A09H     0266H     UNIT         ?PR?MAIN_XS_ADVANCED_SETTINGS?XS_ADVANCED_SETTINGS
            CODE    2C6FH     01CAH     UNIT         ?PR?COUNT_TQ_WORK_SET_VOL?OTHER
            CODE    2E39H     01B8H     UNIT         ?PR?CUT_TQ_WORK_LASER_LEVEL?CUT_TQ_WORK
            CODE    2FF1H     019DH     UNIT         ?PR?GET_WATER_TEMP?ADC
            CODE    318EH     014BH     UNIT         ?PR?INT2_ISR?MAIN
            CODE    32D9H     0142H     UNIT         ?PR?_COMPARISON_PASSWORD?XS_ADVANCED_SETTINGS
            CODE    341BH     0142H     UNIT         ?PR?READ_ALL_TQ_SET_PWM?EEPROM_DATA
            CODE    355DH     012FH     UNIT         ?C_INITSEG
            CODE    368CH     0124H     UNIT         ?PR?_DIS_TQ_WORK_ENERGY_DENSITY?DIS_TQ_WORK
            CODE    37B0H     0118H     UNIT         ?PR?DIS_VERSION?XS_ADVANCED_SETTINGS
            CODE    38C8H     00F7H     UNIT         ?PR?CUT_TQ_WORK_WAVELENGTH?CUT_TQ_WORK
            CODE    39BFH     00F2H     UNIT         ?PR?_KEY_FANHUI?ADS7843
            CODE    3AB1H     00EEH     UNIT         ?PR?_DIS_TQ_WORK_TEMP?DIS_TQ_WORK
            CODE    3B9FH     00E3H     UNIT         ?PR?UART3ISR?UART
            CODE    3C82H     00D4H     UNIT         ?PR?READ_TQ_TOTAL_TIME?EEPROM_DATA
BL51 BANKED LINKER/LOCATER V6.22                                                      08/28/2024  17:05:56  PAGE 3


            CODE    3D56H     00C5H     UNIT         ?PR?TM0_ISR?TIMER
            CODE    3E1BH     00BCH     UNIT         ?PR?_DIS_ADJUST_POWER_TQ_SET_PWM?XS_ADJUST_POWER
            CODE    3ED7H     009EH     UNIT         ?PR?MAIN?MAIN
            CODE    3F75H     009CH     UNIT         ?PR?_DIS_FONT_C?DISPLAY
            CODE    4011H     0099H     UNIT         ?CO?XS_TQ_WORK
            CODE    40AAH     008CH     UNIT         ?PR?_DIS_DEL_DIS?DISPLAY
            CODE    4136H     008CH     UNIT         ?C_C51STARTUP
            CODE    41C2H     0081H     UNIT         ?CO?XS_ADJUST_POWER
            CODE    4243H     007AH     UNIT         ?PR?_LASER_LIGHT_PWM?PWM
            CODE    42BDH     0079H     UNIT         ?CO?XS_ADVANCED_SETTINGS
            CODE    4336H     0078H     UNIT         ?PR?_YAG_VOLTAGE_PWM?PWM
            CODE    43AEH     0078H     UNIT         ?PR?_READ_TQ_SET_PWM?EEPROM_DATA
            CODE    4426H     006DH     UNIT         ?PR?COUNT_TQ_WORK_LASER_LEVEL?OTHER
            CODE    4493H     0068H     UNIT         ?PR?_DIS_TQ_WORK_TOTAL_TIME?DIS_TQ_WORK
            CODE    44FBH     0064H     UNIT         ?PR?_TIMEKEEPING_100MS?TIMER
            CODE    455FH     005EH     UNIT         ?PR?_DIS_TQ_WORK_ENERGY_GEAR?DIS_TQ_WORK
            CODE    45BDH     005EH     UNIT         ?PR?_DIS_TQ_WORK_CURE_TIME?DIS_TQ_WORK
            CODE    461BH     005DH     UNIT         ?PR?MAIN_XS_LOADING?XS_LOADING
            CODE    4678H     0056H     UNIT         ?PR?ADS7843_KEY?ADS7843
            CODE    46CEH     0053H     UNIT         ?PR?_DIS_TQ_WORK_FREQUENCY_GEAR?DIS_TQ_WORK
            CODE    4721H     0053H     UNIT         ?PR?_DIS_TQ_WORK_SPOT_SIZE?DIS_TQ_WORK
            CODE    4774H     0050H     UNIT         ?PR?WRITE_TQ_TOTAL_TIME?EEPROM_DATA
            CODE    47C4H     0044H     UNIT         ?C?LDIV
            CODE    4808H     0042H     UNIT         ?PR?_WRITE_TQ_SET_PWM?EEPROM_DATA
            CODE    484AH     003DH     UNIT         ?PR?_IIC_READ_BYTE?24CXX
            CODE    4887H     0030H     UNIT         ?PR?_IIC_SEND_BYTE?24CXX
            CODE    48B7H     002DH     UNIT         ?PR?CUT_TQ_WORK_START_PIC?CUT_TQ_WORK
            CODE    48E4H     002DH     UNIT         ?PR?CUT_TQ_WORK_STOP_PIC?CUT_TQ_WORK
            CODE    4911H     002CH     UNIT         ?PR?CUT_TQ_WORK_WAVELENGTH_COVER?CUT_TQ_WORK
            CODE    493DH     002BH     UNIT         ?PR?IIC_WAIT_ACK?24CXX
            CODE    4968H     002AH     UNIT         ?PR?JUMP_INTERFACE?MAIN_INTERFACE
            CODE    4992H     002AH     UNIT         ?PR?_CHECK_TEMP_ERROR?XS_TQ_WORK
            CODE    49BCH     0025H     UNIT         ?PR?_AT24CXX_READONEBYTE?24CXX
            CODE    49E1H     0025H     UNIT         ?PR?_AT24CXX_WRITEONEBYTE?24CXX
            CODE    4A06H     0021H     UNIT         ?PR?UART3INIT?UART
            CODE    4A27H     0021H     UNIT         ?PR?IIC_STOP?24CXX
            CODE    4A48H     001FH     UNIT         ?PR?IIC_START?24CXX
            CODE    4A67H     001EH     UNIT         ?CO?DISPLAY
            CODE    4A85H     001BH     UNIT         ?PR?TM1_ISR?TIMER
            CODE    4AA0H     001BH     UNIT         ?PR?IIC_ACK?24CXX
            CODE    4ABBH     001BH     UNIT         ?PR?IIC_NACK?24CXX
            CODE    4AD6H     001AH     UNIT         ?PR?_DIS_PICNUM?DISPLAY
            CODE    4AF0H     0019H     UNIT         ?CO?XS_LOADING
            CODE    4B09H     0018H     UNIT         ?PR?READ_MAX_WATER_TEMP?EEPROM_DATA
            CODE    4B21H     0017H     UNIT         ?PR?CHECK_WATERWAY?OTHER
            CODE    4B38H     0014H     UNIT         ?PR?TX1_OUT_OVER?DISPLAY
            CODE    4B4CH     000EH     UNIT         ?PR?TIMER0_INIT?TIMER
            CODE    4B5AH     000EH     UNIT         ?PR?TIMER1_INIT?TIMER
            CODE    4B68H     0007H     UNIT         ?PR?ADC_INIT?ADC
            CODE    4B6FH     0006H     UNIT         ?PR?YAG_CLOSE_PWM?PWM
            CODE    4B75H     0006H     UNIT         ?PR?LASER_LIGHT_CLOSE_PWM?PWM



OVERLAY MAP OF MODULE:   ..\hex\1 (ADC)


BL51 BANKED LINKER/LOCATER V6.22                                                      08/28/2024  17:05:56  PAGE 4


SEGMENT                                            XDATA_GROUP
  +--> CALLED SEGMENT                            START    LENGTH
----------------------------------------------------------------
?C_C51STARTUP                                    -----    -----
  +--> ?PR?MAIN?MAIN
  +--> ?C_INITSEG

?PR?MAIN?MAIN                                    -----    -----
  +--> ?PR?TIMER0_INIT?TIMER
  +--> ?PR?TIMER1_INIT?TIMER
  +--> ?PR?UART3INIT?UART
  +--> ?PR?ADC_INIT?ADC
  +--> ?PR?YAG_CLOSE_PWM?PWM
  +--> ?PR?LASER_LIGHT_CLOSE_PWM?PWM
  +--> ?PR?_DELAY_MS?TIMER
  +--> ?PR?TX1_OUT_OVER?DISPLAY
  +--> ?PR?READ_TQ_TOTAL_TIME?EEPROM_DATA
  +--> ?PR?READ_MAX_WATER_TEMP?EEPROM_DATA
  +--> ?PR?READ_ALL_TQ_SET_PWM?EEPROM_DATA
  +--> ?PR?JUMP_INTERFACE?MAIN_INTERFACE

?PR?_DELAY_MS?TIMER                              00E4H    0004H

?PR?TX1_OUT_OVER?DISPLAY                         -----    -----
  +--> ?PR?_UART3SEND?UART

?PR?READ_TQ_TOTAL_TIME?EEPROM_DATA               -----    -----
  +--> ?PR?_AT24CXX_READONEBYTE?24CXX
  +--> ?PR?WRITE_TQ_TOTAL_TIME?EEPROM_DATA

?PR?_AT24CXX_READONEBYTE?24CXX                   -----    -----
  +--> ?PR?IIC_START?24CXX
  +--> ?PR?_IIC_SEND_BYTE?24CXX
  +--> ?PR?IIC_WAIT_ACK?24CXX
  +--> ?PR?_IIC_READ_BYTE?24CXX
  +--> ?PR?IIC_STOP?24CXX

?PR?IIC_WAIT_ACK?24CXX                           -----    -----
  +--> ?PR?_IIC_SEND_BYTE?24CXX
  +--> ?PR?IIC_STOP?24CXX

?PR?_IIC_READ_BYTE?24CXX                         00DAH    0001H
  +--> ?PR?IIC_NACK?24CXX
  +--> ?PR?IIC_ACK?24CXX

?PR?WRITE_TQ_TOTAL_TIME?EEPROM_DATA              -----    -----
  +--> ?PR?_AT24CXX_WRITEONEBYTE?24CXX

?PR?_AT24CXX_WRITEONEBYTE?24CXX                  -----    -----
  +--> ?PR?IIC_START?24CXX
  +--> ?PR?_IIC_SEND_BYTE?24CXX
  +--> ?PR?IIC_WAIT_ACK?24CXX
  +--> ?PR?IIC_STOP?24CXX
  +--> ?PR?_DELAY_MS?TIMER

?PR?READ_MAX_WATER_TEMP?EEPROM_DATA              -----    -----
  +--> ?PR?_AT24CXX_READONEBYTE?24CXX
BL51 BANKED LINKER/LOCATER V6.22                                                      08/28/2024  17:05:56  PAGE 5


  +--> ?PR?WRITE_MAX_WATER_TEMP?EEPROM_DATA

?PR?WRITE_MAX_WATER_TEMP?EEPROM_DATA             -----    -----
  +--> ?PR?_AT24CXX_WRITEONEBYTE?24CXX

?PR?READ_ALL_TQ_SET_PWM?EEPROM_DATA              00D7H    0001H
  +--> ?PR?_READ_TQ_SET_PWM?EEPROM_DATA
  +--> ?PR?_WRITE_TQ_SET_PWM?EEPROM_DATA

?PR?_READ_TQ_SET_PWM?EEPROM_DATA                 00D8H    0002H
  +--> ?PR?_AT24CXX_READONEBYTE?24CXX

?PR?_WRITE_TQ_SET_PWM?EEPROM_DATA                00D8H    0002H
  +--> ?PR?_AT24CXX_WRITEONEBYTE?24CXX

?PR?JUMP_INTERFACE?MAIN_INTERFACE                -----    -----
  +--> ?PR?MAIN_XS_LOADING?XS_LOADING
  +--> ?PR?MAIN_XS_TQ_WORK?XS_TQ_WORK
  +--> ?PR?MAIN_XS_ADVANCED_SETTINGS?XS_ADVA...
  +--> ?PR?MAIN_XS_ADJUST_POWER?XS_ADJUST_POWER

?PR?MAIN_XS_LOADING?XS_LOADING                   -----    -----
  +--> ?PR?_DIS_PICNUM?DISPLAY
  +--> ?PR?_DELAY_MS?TIMER
  +--> ?PR?ADS7843_KEY?ADS7843
  +--> ?CO?XS_LOADING
  +--> ?PR?_KEY_FANHUI?ADS7843

?PR?_DIS_PICNUM?DISPLAY                          00E4H    0001H
  +--> ?PR?_UART3SEND?UART
  +--> ?PR?TX1_OUT_OVER?DISPLAY

?PR?_KEY_FANHUI?ADS7843                          00E4H    000BH

?PR?MAIN_XS_TQ_WORK?XS_TQ_WORK                   00D2H    0012H
  +--> ?PR?_DIS_PICNUM?DISPLAY
  +--> ?PR?CUT_TQ_WORK_WAVELENGTH?CUT_TQ_WORK
  +--> ?PR?_DIS_TQ_WORK_FREQUENCY_GEAR?DIS_T...
  +--> ?PR?_DIS_TQ_WORK_ENERGY_GEAR?DIS_TQ_WORK
  +--> ?PR?_DIS_TQ_WORK_TOTAL_TIME?DIS_TQ_WORK
  +--> ?PR?_DIS_TQ_WORK_CURE_TIME?DIS_TQ_WORK
  +--> ?PR?_DIS_TQ_WORK_SPOT_SIZE?DIS_TQ_WORK
  +--> ?PR?_DIS_TQ_WORK_ENERGY_DENSITY?DIS_T...
  +--> ?PR?CUT_TQ_WORK_LASER_LEVEL?CUT_TQ_WORK
  +--> ?PR?COUNT_TQ_WORK_SET_VOL?OTHER
  +--> ?PR?_YAG_VOLTAGE_PWM?PWM
  +--> ?PR?COUNT_TQ_WORK_LASER_LEVEL?OTHER
  +--> ?CO?XS_TQ_WORK
  +--> ?PR?_DIS_FONT_C?DISPLAY
  +--> ?PR?_DIS_FONT_WEI_NUMBER_CM?DISPLAY
  +--> ?PR?_DELAY_MS?TIMER
  +--> ?PR?ADS7843_KEY?ADS7843
  +--> ?PR?_KEY_FANHUI?ADS7843
  +--> ?PR?CUT_TQ_WORK_WAVELENGTH_COVER?CUT_...
  +--> ?PR?_DIS_DEL_DIS?DISPLAY
  +--> ?PR?CUT_TQ_WORK_START_PIC?CUT_TQ_WORK
  +--> ?PR?CUT_TQ_WORK_STOP_PIC?CUT_TQ_WORK
BL51 BANKED LINKER/LOCATER V6.22                                                      08/28/2024  17:05:56  PAGE 6


  +--> ?PR?WRITE_TQ_TOTAL_TIME?EEPROM_DATA
  +--> ?PR?_TIMEKEEPING_100MS?TIMER
  +--> ?PR?CHECK_WATERWAY?OTHER
  +--> ?PR?GET_WATER_TEMP?ADC
  +--> ?PR?_DIS_TQ_WORK_TEMP?DIS_TQ_WORK
  +--> ?PR?_CHECK_TEMP_ERROR?XS_TQ_WORK
  +--> ?PR?LASER_LIGHT_CLOSE_PWM?PWM

?PR?CUT_TQ_WORK_WAVELENGTH?CUT_TQ_WORK           -----    -----
  +--> ?PR?_DIS_DEL_DIS?DISPLAY

?PR?_DIS_DEL_DIS?DISPLAY                         0138H    000DH
  +--> ?PR?_UART3SEND?UART
  +--> ?PR?TX1_OUT_OVER?DISPLAY

?PR?_DIS_TQ_WORK_FREQUENCY_GEAR?DIS_T...         -----    -----
  +--> ?PR?_DIS_FONT_WEI_VALUE?DISPLAY

?PR?_DIS_FONT_WEI_VALUE?DISPLAY                  00E4H    0027H
  +--> ?PR?_DIS_DEL_DIS?DISPLAY
  +--> ?PR?_DIS_FONT_WEI_NUMBER_CM?DISPLAY

?PR?_DIS_FONT_WEI_NUMBER_CM?DISPLAY              0117H    0021H
  +--> ?PR?_DIS_DEL_DIS?DISPLAY
  +--> ?PR?_DIS_FONT_NUMBER_C?DISPLAY

?PR?_DIS_FONT_NUMBER_C?DISPLAY                   0138H    0008H
  +--> ?CO?DISPLAY
  +--> ?PR?_DIS_FONT_C?DISPLAY

?PR?_DIS_FONT_C?DISPLAY                          0140H    000CH
  +--> ?PR?_UART3SEND?UART
  +--> ?PR?TX1_OUT_OVER?DISPLAY

?PR?_DIS_TQ_WORK_ENERGY_GEAR?DIS_TQ_WORK         -----    -----
  +--> ?PR?_DIS_FONT_WEI_VALUE?DISPLAY

?PR?_DIS_TQ_WORK_TOTAL_TIME?DIS_TQ_WORK          -----    -----
  +--> ?PR?_DIS_FONT_WEI_VALUE?DISPLAY

?PR?_DIS_TQ_WORK_CURE_TIME?DIS_TQ_WORK           -----    -----
  +--> ?PR?_DIS_FONT_WEI_VALUE?DISPLAY

?PR?_DIS_TQ_WORK_SPOT_SIZE?DIS_TQ_WORK           -----    -----
  +--> ?PR?_DIS_FONT_WEI_VALUE?DISPLAY

?PR?_DIS_TQ_WORK_ENERGY_DENSITY?DIS_T...         00E4H    000DH
  +--> ?PR?_DIS_FONT_WEI_DECIMAL_TWO_VALUE?D...

?PR?_DIS_FONT_WEI_DECIMAL_TWO_VALUE?D...         00F1H    0026H
  +--> ?PR?_DIS_DEL_DIS?DISPLAY
  +--> ?PR?_DIS_FONT_WEI_NUMBER_CM?DISPLAY
  +--> ?CO?DISPLAY
  +--> ?PR?_DIS_FONT_C?DISPLAY

?PR?CUT_TQ_WORK_LASER_LEVEL?CUT_TQ_WORK          -----    -----
  +--> ?PR?_DIS_DEL_DIS?DISPLAY
BL51 BANKED LINKER/LOCATER V6.22                                                      08/28/2024  17:05:56  PAGE 7



?PR?COUNT_TQ_WORK_SET_VOL?OTHER                  00E4H    000CH

?PR?_YAG_VOLTAGE_PWM?PWM                         00E4H    0004H

?PR?COUNT_TQ_WORK_LASER_LEVEL?OTHER              -----    -----
  +--> ?PR?LASER_LIGHT_CLOSE_PWM?PWM
  +--> ?PR?_LASER_LIGHT_PWM?PWM

?PR?_LASER_LIGHT_PWM?PWM                         00E4H    0004H

?PR?CUT_TQ_WORK_WAVELENGTH_COVER?CUT_...         -----    -----
  +--> ?PR?_DIS_DEL_DIS?DISPLAY

?PR?CUT_TQ_WORK_START_PIC?CUT_TQ_WORK            -----    -----
  +--> ?PR?_DIS_DEL_DIS?DISPLAY

?PR?CUT_TQ_WORK_STOP_PIC?CUT_TQ_WORK             -----    -----
  +--> ?PR?_DIS_DEL_DIS?DISPLAY

?PR?CHECK_WATERWAY?OTHER                         -----    -----
  +--> ?PR?_DELAY_MS?TIMER

?PR?GET_WATER_TEMP?ADC                           00E4H    000EH

?PR?_DIS_TQ_WORK_TEMP?DIS_TQ_WORK                00E4H    0001H
  +--> ?PR?_DIS_DEL_DIS?DISPLAY
  +--> ?CO?DIS_TQ_WORK
  +--> ?PR?_DIS_FONT_C?DISPLAY
  +--> ?PR?_DIS_FONT_WEI_NUMBER_CM?DISPLAY

?PR?MAIN_XS_ADVANCED_SETTINGS?XS_ADVA...         00D2H    0007H
  +--> ?PR?_DIS_PICNUM?DISPLAY
  +--> ?PR?DIS_VERSION?XS_ADVANCED_SETTINGS
  +--> ?PR?_DELAY_MS?TIMER
  +--> ?PR?ADS7843_KEY?ADS7843
  +--> ?CO?XS_ADVANCED_SETTINGS
  +--> ?PR?_KEY_FANHUI?ADS7843
  +--> ?PR?_DIS_ADV_PASSWORD?XS_ADVANCED_SET...
  +--> ?PR?_COMPARISON_PASSWORD?XS_ADVANCED_...

?PR?DIS_VERSION?XS_ADVANCED_SETTINGS             00D9H    0006H
  +--> ?CO?XS_ADVANCED_SETTINGS
  +--> ?PR?_DIS_FONT_C?DISPLAY
  +--> ?PR?_DIS_FONT_NUMBER_C?DISPLAY

?PR?_DIS_ADV_PASSWORD?XS_ADVANCED_SET...         00DDH    0006H
  +--> ?PR?_DIS_DEL_DIS?DISPLAY
  +--> ?CO?XS_ADVANCED_SETTINGS
  +--> ?PR?_DIS_FONT_C?DISPLAY

?PR?_COMPARISON_PASSWORD?XS_ADVANCED_...         00D9H    0004H
  +--> ?PR?WRITE_TQ_TOTAL_TIME?EEPROM_DATA
  +--> ?PR?_DIS_ADV_PASSWORD?XS_ADVANCED_SET...

?PR?MAIN_XS_ADJUST_POWER?XS_ADJUST_POWER         00D2H    0005H
  +--> ?PR?_DIS_PICNUM?DISPLAY
BL51 BANKED LINKER/LOCATER V6.22                                                      08/28/2024  17:05:56  PAGE 8


  +--> ?PR?READ_ALL_TQ_SET_PWM?EEPROM_DATA
  +--> ?PR?_DIS_ADJUST_POWER_TQ_SET_PWM?XS_A...
  +--> ?PR?DIS_ADJUST_POWER_TQ_SET_TIME?XS_A...
  +--> ?PR?COUNT_TQ_WORK_SET_VOL?OTHER
  +--> ?PR?_YAG_VOLTAGE_PWM?PWM
  +--> ?PR?_DELAY_MS?TIMER
  +--> ?PR?ADS7843_KEY?ADS7843
  +--> ?CO?XS_ADJUST_POWER
  +--> ?PR?_KEY_FANHUI?ADS7843
  +--> ?PR?_WRITE_TQ_SET_PWM?EEPROM_DATA
  +--> ?PR?YAG_CLOSE_PWM?PWM

?PR?_DIS_ADJUST_POWER_TQ_SET_PWM?XS_A...         00D7H    0004H
  +--> ?PR?_DIS_FONT_WEI_NUMBER_CM?DISPLAY

?PR?DIS_ADJUST_POWER_TQ_SET_TIME?XS_A...         -----    -----
  +--> ?PR?_DIS_FONT_WEI_NUMBER_CM?DISPLAY



SYMBOL TABLE OF MODULE:  ..\hex\1 (ADC)

  VALUE           TYPE          NAME
  ----------------------------------

  -------         MODULE        ADC
  C:0000H         SYMBOL        _ICE_DUMMY_
  D:0080H         PUBLIC        P0
  D:0090H         PUBLIC        P1
  D:00A0H         PUBLIC        P2
  D:00B0H         PUBLIC        P3
  D:00C0H         PUBLIC        P4
  D:00C8H         PUBLIC        P5
  D:00E8H         PUBLIC        P6
  D:00F8H         PUBLIC        P7
  D:00A8H         PUBLIC        IE
  D:00BDH         PUBLIC        ADC_RES
  D:00B8H         PUBLIC        IP
  D:00DEH         PUBLIC        ADCCFG
  D:00D8H         PUBLIC        CCON
  D:00BCH         PUBLIC        ADC_CONTR
  X:0000H         PUBLIC        TEMP_DATA
  D:0098H         PUBLIC        SCON
  D:0088H         PUBLIC        TCON
  C:4B68H         PUBLIC        ADC_Init
  D:00BEH         PUBLIC        ADC_RESL
  C:2FF1H         PUBLIC        get_water_temp
  D:00D0H         PUBLIC        PSW
  -------         PROC          ADC_INIT
  C:4B68H         LINE#         28
  C:4B68H         LINE#         29
  C:4B68H         LINE#         30
  C:4B6BH         LINE#         31
  C:4B6EH         LINE#         32
  -------         ENDPROC       ADC_INIT
  -------         PROC          GET_WATER_TEMP
  -------         DO            
BL51 BANKED LINKER/LOCATER V6.22                                                      08/28/2024  17:05:56  PAGE 9


  X:00E4H         SYMBOL        temp
  X:00E5H         SYMBOL        i
  X:00E6H         SYMBOL        buff
  X:00EAH         SYMBOL        lg1
  X:00EEH         SYMBOL        adc_val
  C:3187H         SYMBOL        over_water_temp
  -------         ENDDO         
  C:2FF1H         LINE#         34
  C:2FF1H         LINE#         35
  C:2FF1H         LINE#         38
  C:2FF4H         LINE#         39
  C:2FF5H         LINE#         40
  C:2FF6H         LINE#         41
  C:2FFBH         LINE#         42
  C:2FFEH         LINE#         43
  C:300FH         LINE#         44
  C:3036H         LINE#         46
  C:3051H         LINE#         47
  C:3057H         LINE#         48
  C:305AH         LINE#         49
  C:3075H         LINE#         50
  C:307BH         LINE#         51
  C:307EH         LINE#         52
  C:307EH         LINE#         54
  C:30AAH         LINE#         55
  C:30C8H         LINE#         56
  C:30EDH         LINE#         58
  C:3108H         LINE#         59
  C:3109H         LINE#         60
  C:310BH         LINE#         61
  C:3126H         LINE#         62
  C:312CH         LINE#         63
  C:312EH         LINE#         64
  C:312EH         LINE#         66
  C:313DH         LINE#         67
  C:3157H         LINE#         68
  C:3177H         LINE#         69
  C:3177H         LINE#         70
  C:317FH         LINE#         71
  C:3187H         LINE#         73
  C:3187H         LINE#         74
  C:3188H         LINE#         75
  C:318DH         LINE#         76
  -------         ENDPROC       GET_WATER_TEMP
  -------         ENDMOD        ADC

  -------         MODULE        MAIN
  C:0000H         SYMBOL        _ICE_DUMMY_
  D:0092H         PUBLIC        P1M0
  D:0093H         PUBLIC        P0M1
  D:0096H         PUBLIC        P2M0
  D:0091H         PUBLIC        P1M1
  D:0080H         PUBLIC        P0
  D:00B2H         PUBLIC        P3M0
  D:0095H         PUBLIC        P2M1
  D:0090H         PUBLIC        P1
  D:00B4H         PUBLIC        P4M0
BL51 BANKED LINKER/LOCATER V6.22                                                      08/28/2024  17:05:56  PAGE 10


  D:00B1H         PUBLIC        P3M1
  D:00A0H         PUBLIC        P2
  D:00CAH         PUBLIC        P5M0
  D:00B3H         PUBLIC        P4M1
  D:00B0H         PUBLIC        P3
  X:0152H         PUBLIC        TQ_SET_TIME
  D:00C9H         PUBLIC        P5M1
  D:00C0H         PUBLIC        P4
  D:00C8H         PUBLIC        P5
  B:00A8H.7       PUBLIC        EA
  D:00E8H         PUBLIC        P6
  D:00F8H         PUBLIC        P7
  D:00A8H         PUBLIC        IE
  X:0153H         PUBLIC        INTERFACE
  D:008FH         PUBLIC        INTCLKO
  D:00B8H         PUBLIC        IP
  X:0154H         PUBLIC        TQ_WORK_CYCLE
  X:0156H         PUBLIC        WATER_TEMP
  X:0157H         PUBLIC        TQ_TOTAL_TIME
  D:00D8H         PUBLIC        CCON
  C:3ED7H         PUBLIC        main
  B:0020H.0       PUBLIC        XIAN_FLAG
  C:318EH         PUBLIC        INT2_Isr
  B:0020H.1       PUBLIC        START_STOP_FLAG
  D:0098H         PUBLIC        SCON
  B:00A0H.2       PUBLIC        P22
  B:0090H.3       PUBLIC        P13
  D:0088H         PUBLIC        TCON
  B:00C8H.0       PUBLIC        P50
  B:00A0H.3       PUBLIC        P23
  B:0090H.4       PUBLIC        P14
  B:00C8H.1       PUBLIC        P51
  B:00A0H.6       PUBLIC        P26
  X:015BH         PUBLIC        TQ_SPOT_COUNT
  B:00B0H.6       PUBLIC        P36
  X:015DH         PUBLIC        KEY_YES
  X:015EH         PUBLIC        TQ_FREQUENCY_GEAR
  X:015FH         PUBLIC        TQ_WORK_COUNT_TT
  B:0020H.2       PUBLIC        TQ_WORK_FLAG
  X:0161H         PUBLIC        TQ_CURE_TIME
  X:0163H         PUBLIC        TQ_SET_PWM
  B:0020H.3       PUBLIC        TQ_ADD_FLAG
  X:016FH         PUBLIC        BUZZER_COUNT
  X:0170H         PUBLIC        TQ_ENERGY_GEAR
  X:0172H         PUBLIC        TQ_LASER_LEVEL
  X:0173H         PUBLIC        TQ_SET_COUNT
  X:0174H         PUBLIC        MAX_WATER_TEMP
  X:0175H         PUBLIC        ADS7843_X
  X:0177H         PUBLIC        ADS7843_Y
  X:0179H         PUBLIC        TQ_SPOT_SIZE
  X:017AH         PUBLIC        KEY_XH
  X:017BH         PUBLIC        KEY_YH
  X:017CH         PUBLIC        KEY_XL
  X:017DH         PUBLIC        KEY_YL
  X:017EH         PUBLIC        WAVELENGTH
  D:00D0H         PUBLIC        PSW
  D:0094H         PUBLIC        P0M0
BL51 BANKED LINKER/LOCATER V6.22                                                      08/28/2024  17:05:56  PAGE 11


  -------         PROC          MAIN
  C:3ED7H         LINE#         12
  C:3ED7H         LINE#         13
  C:3ED7H         LINE#         14
  C:3EDAH         LINE#         15
  C:3EDDH         LINE#         16
  C:3EE0H         LINE#         17
  C:3EE3H         LINE#         18
  C:3EE6H         LINE#         19
  C:3EE9H         LINE#         20
  C:3EECH         LINE#         21
  C:3EEFH         LINE#         22
  C:3EF2H         LINE#         23
  C:3EF5H         LINE#         24
  C:3EF8H         LINE#         25
  C:3EFBH         LINE#         26
  C:3EFEH         LINE#         40
  C:3F01H         LINE#         41
  C:3F04H         LINE#         43
  C:3F07H         LINE#         44
  C:3F0AH         LINE#         46
  C:3F0DH         LINE#         48
  C:3F0FH         LINE#         50
  C:3F11H         LINE#         51
  C:3F13H         LINE#         53
  C:3F15H         LINE#         54
  C:3F17H         LINE#         55
  C:3F19H         LINE#         56
  C:3F1CH         LINE#         57
  C:3F1FH         LINE#         59
  C:3F21H         LINE#         60
  C:3F23H         LINE#         61
  C:3F25H         LINE#         62
  C:3F29H         LINE#         64
  C:3F34H         LINE#         65
  C:3F37H         LINE#         67
  C:3F3AH         LINE#         68
  C:3F3DH         LINE#         69
  C:3F40H         LINE#         71
  C:3F46H         LINE#         73
  C:3F48H         LINE#         75
  C:3F4CH         LINE#         76
  C:3F51H         LINE#         77
  C:3F5AH         LINE#         79
  C:3F61H         LINE#         80
  C:3F67H         LINE#         81
  C:3F6BH         LINE#         83
  C:3F6BH         LINE#         84
  C:3F6BH         LINE#         85
  C:3F70H         LINE#         86
  C:3F73H         LINE#         95
  -------         ENDPROC       MAIN
  -------         PROC          INT2_ISR
  -------         DO            
  X:014CH         SYMBOL        state_flag
  X:014DH         SYMBOL        time
  X:014EH         SYMBOL        value
BL51 BANKED LINKER/LOCATER V6.22                                                      08/28/2024  17:05:56  PAGE 12


  X:014FH         SYMBOL        temp
  X:0150H         SYMBOL        count
  X:0151H         SYMBOL        received_data
  -------         ENDDO         
  C:318EH         LINE#         98
  C:31A1H         LINE#         107
  C:31A7H         LINE#         108
  C:31C5H         LINE#         109
  C:31CBH         LINE#         110
  C:31CFH         LINE#         111
  C:31CFH         LINE#         112
  C:31CFH         LINE#         113
  C:31D2H         LINE#         114
  C:31E2H         LINE#         115
  C:31E9H         LINE#         116
  C:31ECH         LINE#         117
  C:31F7H         LINE#         118
  C:31FEH         LINE#         120
  C:3200H         LINE#         121
  C:3205H         LINE#         122
  C:3209H         LINE#         123
  C:3209H         LINE#         124
  C:320FH         LINE#         125
  C:3217H         LINE#         126
  C:3240H         LINE#         127
  C:3248H         LINE#         128
  C:3250H         LINE#         129
  C:3258H         LINE#         130
  C:3260H         LINE#         131
  C:3268H         LINE#         132
  C:3270H         LINE#         133
  C:3278H         LINE#         134
  C:3280H         LINE#         135
  C:3288H         LINE#         136
  C:328EH         LINE#         137
  C:328EH         LINE#         138
  C:3298H         LINE#         139
  C:329CH         LINE#         140
  C:32A2H         LINE#         141
  C:32A7H         LINE#         142
  C:32A7H         LINE#         143
  C:32A7H         LINE#         144
  C:32A9H         LINE#         145
  C:32AEH         LINE#         146
  C:32AEH         LINE#         147
  C:32B4H         LINE#         148
  C:32B9H         LINE#         149
  C:32BDH         LINE#         150
  C:32C1H         LINE#         151
  C:32C1H         LINE#         152
  C:32C1H         LINE#         154
  C:32C8H         LINE#         155
  -------         ENDPROC       INT2_ISR
  -------         ENDMOD        MAIN

  -------         MODULE        PWM
  C:0000H         SYMBOL        _ICE_DUMMY_
BL51 BANKED LINKER/LOCATER V6.22                                                      08/28/2024  17:05:56  PAGE 13


  D:0080H         PUBLIC        P0
  D:0090H         PUBLIC        P1
  D:00A0H         PUBLIC        P2
  D:00B0H         PUBLIC        P3
  D:00C0H         PUBLIC        P4
  D:00C8H         PUBLIC        P5
  D:00E8H         PUBLIC        P6
  D:00F8H         PUBLIC        P7
  D:00BAH         PUBLIC        P_SW2
  D:00A8H         PUBLIC        IE
  D:00B8H         PUBLIC        IP
  D:00D8H         PUBLIC        CCON
  D:00F6H         PUBLIC        PWMCFG01
  D:00FEH         PUBLIC        PWMCFG45
  D:0098H         PUBLIC        SCON
  D:0088H         PUBLIC        TCON
  B:0080H.6       PUBLIC        P06
  B:00C0H.6       PUBLIC        P46
  C:4B75H         PUBLIC        laser_light_close_pwm
  C:4243H         PUBLIC        _laser_light_pwm
  C:4336H         PUBLIC        _yag_voltage_pwm
  D:00F1H         PUBLIC        PWMSET
  C:4B6FH         PUBLIC        yag_close_pwm
  D:00D0H         PUBLIC        PSW
  -------         PROC          _YAG_VOLTAGE_PWM
  X:00E4H         SYMBOL        dat
  X:00E6H         SYMBOL        val
  C:4336H         LINE#         3
  C:4344H         LINE#         4
  C:4344H         LINE#         5
  C:4347H         LINE#         6
  C:434AH         LINE#         7
  C:434DH         LINE#         9
  C:4351H         LINE#         11
  C:4372H         LINE#         12
  C:438EH         LINE#         14
  C:439BH         LINE#         15
  C:439EH         LINE#         17
  C:43A1H         LINE#         18
  C:43A3H         LINE#         20
  C:43A7H         LINE#         21
  C:43AAH         LINE#         22
  C:43ADH         LINE#         23
  -------         ENDPROC       _YAG_VOLTAGE_PWM
  -------         PROC          YAG_CLOSE_PWM
  C:4B6FH         LINE#         31
  C:4B6FH         LINE#         32
  C:4B6FH         LINE#         33
  C:4B72H         LINE#         34
  C:4B74H         LINE#         35
  -------         ENDPROC       YAG_CLOSE_PWM
  -------         PROC          _LASER_LIGHT_PWM
  X:00E4H         SYMBOL        dat
  X:00E6H         SYMBOL        val
  C:4243H         LINE#         37
  C:4251H         LINE#         38
  C:4251H         LINE#         39
BL51 BANKED LINKER/LOCATER V6.22                                                      08/28/2024  17:05:56  PAGE 14


  C:4254H         LINE#         40
  C:4257H         LINE#         41
  C:425AH         LINE#         43
  C:425EH         LINE#         45
  C:427FH         LINE#         46
  C:429BH         LINE#         48
  C:42A0H         LINE#         49
  C:42A2H         LINE#         51
  C:42AFH         LINE#         52
  C:42B2H         LINE#         54
  C:42B6H         LINE#         55
  C:42B9H         LINE#         56
  C:42BCH         LINE#         57
  -------         ENDPROC       _LASER_LIGHT_PWM
  -------         PROC          LASER_LIGHT_CLOSE_PWM
  C:4B75H         LINE#         65
  C:4B75H         LINE#         66
  C:4B75H         LINE#         67
  C:4B78H         LINE#         68
  C:4B7AH         LINE#         69
  -------         ENDPROC       LASER_LIGHT_CLOSE_PWM
  -------         ENDMOD        PWM

  -------         MODULE        STC8AID
  C:0000H         SYMBOL        _ICE_DUMMY_
  D:0080H         PUBLIC        P0
  D:0090H         PUBLIC        P1
  D:00A0H         PUBLIC        P2
  D:00B0H         PUBLIC        P3
  D:00C0H         PUBLIC        P4
  D:00C8H         PUBLIC        P5
  D:00E8H         PUBLIC        P6
  D:00F8H         PUBLIC        P7
  X:01CAH         PUBLIC        ID
  D:00A8H         PUBLIC        IE
  D:00B8H         PUBLIC        IP
  D:00D8H         PUBLIC        CCON
  D:0098H         PUBLIC        SCON
  D:0088H         PUBLIC        TCON
  D:00D0H         PUBLIC        PSW
  -------         ENDMOD        STC8AID

  -------         MODULE        TIMER
  C:0000H         SYMBOL        _ICE_DUMMY_
  D:0080H         PUBLIC        P0
  D:0090H         PUBLIC        P1
  D:00A0H         PUBLIC        P2
  D:00B0H         PUBLIC        P3
  D:00C0H         PUBLIC        P4
  D:00C8H         PUBLIC        P5
  D:00E8H         PUBLIC        P6
  D:00F8H         PUBLIC        P7
  D:00A8H         PUBLIC        IE
  D:00B8H         PUBLIC        IP
  D:00D8H         PUBLIC        CCON
  C:4B4CH         PUBLIC        Timer0_Init
  C:4B5AH         PUBLIC        Timer1_Init
BL51 BANKED LINKER/LOCATER V6.22                                                      08/28/2024  17:05:56  PAGE 15


  B:0090H.0       PUBLIC        P10
  D:0098H         PUBLIC        SCON
  B:00A0H.2       PUBLIC        P22
  D:0089H         PUBLIC        TMOD
  D:0088H         PUBLIC        TCON
  B:00A8H.1       PUBLIC        ET0
  B:00A8H.3       PUBLIC        ET1
  D:008CH         PUBLIC        TH0
  D:008DH         PUBLIC        TH1
  D:008AH         PUBLIC        TL0
  D:008BH         PUBLIC        TL1
  X:01B4H         PUBLIC        SYSTEM_COUNT
  C:0056H         PUBLIC        _delay_ms
  B:0088H.4       PUBLIC        TR0
  B:0088H.6       PUBLIC        TR1
  C:3D56H         PUBLIC        TM0_Isr
  C:4A85H         PUBLIC        TM1_Isr
  C:44FBH         PUBLIC        _timekeeping_100ms
  X:01B8H         PUBLIC        DELAY_MS
  D:00D0H         PUBLIC        PSW
  -------         PROC          _DELAY_MS
  X:00E4H         SYMBOL        ms
  C:0056H         LINE#         7
  C:005CH         LINE#         8
  C:005CH         LINE#         9
  C:0066H         LINE#         10
  C:0088H         LINE#         11
  -------         ENDPROC       _DELAY_MS
  -------         PROC          TIMER0_INIT
  C:4B4CH         LINE#         13
  C:4B4CH         LINE#         14
  C:4B4CH         LINE#         15
  C:4B4FH         LINE#         16
  C:4B52H         LINE#         17
  C:4B55H         LINE#         18
  C:4B57H         LINE#         19
  C:4B59H         LINE#         20
  -------         ENDPROC       TIMER0_INIT
  -------         PROC          TM0_ISR
  C:3D56H         LINE#         22
  C:3D63H         LINE#         24
  C:3D82H         LINE#         25
  C:3DA1H         LINE#         27
  C:3DABH         LINE#         28
  C:3DB1H         LINE#         29
  C:3DB7H         LINE#         30
  C:3DB7H         LINE#         32
  C:3DBAH         LINE#         33
  C:3DC8H         LINE#         34
  C:3DDDH         LINE#         35
  C:3DE1H         LINE#         36
  C:3DE3H         LINE#         37
  C:3DECH         LINE#         38
  C:3DEEH         LINE#         39
  C:3DEEH         LINE#         40
  C:3DF0H         LINE#         41
  C:3DFAH         LINE#         42
BL51 BANKED LINKER/LOCATER V6.22                                                      08/28/2024  17:05:56  PAGE 16


  C:3DFAH         LINE#         44
  C:3E04H         LINE#         45
  C:3E08H         LINE#         46
  C:3E0AH         LINE#         47
  C:3E0AH         LINE#         48
  C:3E10H         LINE#         49
  C:3E10H         LINE#         51
  -------         ENDPROC       TM0_ISR
  -------         PROC          TIMER1_INIT
  C:4B5AH         LINE#         53
  C:4B5AH         LINE#         54
  C:4B5AH         LINE#         55
  C:4B5DH         LINE#         56
  C:4B60H         LINE#         57
  C:4B63H         LINE#         58
  C:4B65H         LINE#         59
  C:4B67H         LINE#         60
  -------         ENDPROC       TIMER1_INIT
  -------         PROC          TM1_ISR
  C:4A85H         LINE#         62
  C:4A8BH         LINE#         64
  C:4A99H         LINE#         65
  -------         ENDPROC       TM1_ISR
  -------         PROC          _TIMEKEEPING_100MS
  D:0003H         SYMBOL        clear
  -------         DO            
  X:01ACH         SYMBOL        pressStartTime
  X:01B0H         SYMBOL        lastClickTime
  -------         ENDDO         
  C:44FBH         LINE#         72
  C:44FDH         LINE#         73
  C:44FDH         LINE#         76
  C:4511H         LINE#         77
  C:4526H         LINE#         78
  C:4559H         LINE#         79
  C:455CH         LINE#         80
  C:455CH         LINE#         81
  C:455EH         LINE#         82
  -------         ENDPROC       _TIMEKEEPING_100MS
  -------         ENDMOD        TIMER

  -------         MODULE        UART
  C:0000H         SYMBOL        _ICE_DUMMY_
  D:0093H         PUBLIC        P0M1
  D:0080H         PUBLIC        P0
  D:0090H         PUBLIC        P1
  C:3B9FH         PUBLIC        Uart3Isr
  D:00A0H         PUBLIC        P2
  D:00B0H         PUBLIC        P3
  X:0180H         PUBLIC        rx2_length
  D:00C0H         PUBLIC        P4
  D:00C8H         PUBLIC        P5
  D:00E8H         PUBLIC        P6
  D:00F8H         PUBLIC        P7
  D:00BAH         PUBLIC        P_SW2
  D:00A8H         PUBLIC        IE
  B:0020H.4       PUBLIC        uart2_busy
BL51 BANKED LINKER/LOCATER V6.22                                                      08/28/2024  17:05:56  PAGE 17


  B:0020H.5       PUBLIC        uart3_busy
  D:00B8H         PUBLIC        IP
  X:0181H         PUBLIC        rx2_data
  X:0195H         PUBLIC        rx3_data
  D:00D8H         PUBLIC        CCON
  D:0098H         PUBLIC        SCON
  D:0088H         PUBLIC        TCON
  X:01A9H         PUBLIC        rx2_ram
  X:01AAH         PUBLIC        rx3_ram
  D:00AFH         PUBLIC        IE2
  D:00D4H         PUBLIC        T3H
  D:00D5H         PUBLIC        T3L
  X:01ABH         PUBLIC        rx2_gs
  D:00D1H         PUBLIC        T4T3M
  C:0003H         PUBLIC        _Uart3Send
  D:00ADH         PUBLIC        S3BUF
  D:00ACH         PUBLIC        S3CON
  C:4A06H         PUBLIC        Uart3Init
  D:00D0H         PUBLIC        PSW
  D:0094H         PUBLIC        P0M0
  -------         PROC          UART3INIT
  C:4A06H         LINE#         14
  C:4A06H         LINE#         15
  C:4A06H         LINE#         16
  C:4A09H         LINE#         17
  C:4A0CH         LINE#         18
  C:4A0FH         LINE#         21
  C:4A12H         LINE#         22
  C:4A15H         LINE#         23
  C:4A18H         LINE#         24
  C:4A1BH         LINE#         25
  C:4A1DH         LINE#         26
  C:4A23H         LINE#         27
  C:4A26H         LINE#         28
  -------         ENDPROC       UART3INIT
  -------         PROC          _UART3SEND
  D:0007H         SYMBOL        dat
  C:0003H         LINE#         30
  C:0003H         LINE#         31
  C:0003H         LINE#         32
  C:0006H         LINE#         33
  C:0008H         LINE#         34
  C:000AH         LINE#         35
  -------         ENDPROC       _UART3SEND
  -------         PROC          UART3ISR
  -------         DO            
  X:017FH         SYMBOL        flag
  D:0007H         SYMBOL        dat
  -------         ENDDO         
  C:3B9FH         LINE#         37
  C:3BAEH         LINE#         41
  C:3BB3H         LINE#         42
  C:3BB3H         LINE#         43
  C:3BB6H         LINE#         44
  C:3BB8H         LINE#         45
  C:3BB8H         LINE#         46
  C:3BC0H         LINE#         47
BL51 BANKED LINKER/LOCATER V6.22                                                      08/28/2024  17:05:56  PAGE 18


  C:3BC0H         LINE#         48
  C:3BC3H         LINE#         49
  C:3BC5H         LINE#         50
  C:3BFEH         LINE#         51
  C:3BFEH         LINE#         52
  C:3C09H         LINE#         53
  C:3C09H         LINE#         54
  C:3C11H         LINE#         55
  C:3C11H         LINE#         56
  C:3C17H         LINE#         57
  C:3C19H         LINE#         58
  C:3C1EH         LINE#         59
  C:3C22H         LINE#         60
  C:3C22H         LINE#         61
  C:3C22H         LINE#         62
  C:3C25H         LINE#         63
  C:3C27H         LINE#         64
  C:3C31H         LINE#         65
  C:3C3BH         LINE#         66
  C:3C45H         LINE#         67
  C:3C5AH         LINE#         68
  C:3C5AH         LINE#         69
  C:3C5DH         LINE#         70
  C:3C62H         LINE#         71
  C:3C6AH         LINE#         72
  C:3C75H         LINE#         73
  C:3C75H         LINE#         74
  C:3C75H         LINE#         75
  -------         ENDPROC       UART3ISR
  -------         ENDMOD        UART

  -------         MODULE        24CXX
  C:0000H         SYMBOL        _ICE_DUMMY_
  D:0080H         PUBLIC        P0
  D:0090H         PUBLIC        P1
  D:00A0H         PUBLIC        P2
  D:00B0H         PUBLIC        P3
  D:00C0H         PUBLIC        P4
  D:00C8H         PUBLIC        P5
  D:00E8H         PUBLIC        P6
  D:00F8H         PUBLIC        P7
  C:49BCH         PUBLIC        _AT24CXX_ReadOneByte
  D:00A8H         PUBLIC        IE
  B:00A0H.4       PUBLIC        IIC_SDA
  C:4ABBH         PUBLIC        IIC_NAck
  B:00A0H.5       PUBLIC        IIC_SCL
  D:00B8H         PUBLIC        IP
  C:49E1H         PUBLIC        _AT24CXX_WriteOneByte
  D:00D8H         PUBLIC        CCON
  C:484AH         PUBLIC        _IIC_Read_Byte
  D:0098H         PUBLIC        SCON
  D:0088H         PUBLIC        TCON
  C:488FH         PUBLIC        _IIC_Send_Byte
  C:4945H         PUBLIC        IIC_Wait_Ack
  C:4AA0H         PUBLIC        IIC_Ack
  C:4A48H         PUBLIC        IIC_Start
  C:4A27H         PUBLIC        IIC_Stop
BL51 BANKED LINKER/LOCATER V6.22                                                      08/28/2024  17:05:56  PAGE 19


  D:00D0H         PUBLIC        PSW
  -------         PROC          IIC_START
  C:4A48H         LINE#         7
  C:4A48H         LINE#         8
  C:4A48H         LINE#         10
  C:4A4AH         LINE#         11
  C:4A4CH         LINE#         12
  C:4A50H         LINE#         13
  C:4A54H         LINE#         14
  C:4A58H         LINE#         15
  C:4A5AH         LINE#         16
  C:4A5EH         LINE#         17
  C:4A62H         LINE#         18
  C:4A66H         LINE#         20
  -------         ENDPROC       IIC_START
  -------         PROC          IIC_STOP
  C:4A27H         LINE#         23
  C:4A27H         LINE#         24
  C:4A27H         LINE#         26
  C:4A29H         LINE#         27
  C:4A2BH         LINE#         28
  C:4A2FH         LINE#         29
  C:4A33H         LINE#         30
  C:4A37H         LINE#         31
  C:4A39H         LINE#         32
  C:4A3BH         LINE#         33
  C:4A3FH         LINE#         34
  C:4A43H         LINE#         35
  C:4A47H         LINE#         36
  -------         ENDPROC       IIC_STOP
  -------         PROC          L?0027
  -------         ENDPROC       L?0027
  -------         PROC          _IIC_SEND_BYTE
  D:0007H         SYMBOL        txd
  -------         DO            
  D:0006H         SYMBOL        t
  -------         ENDDO         
  C:488FH         LINE#         42
  C:488FH         LINE#         43
  C:488FH         LINE#         46
  C:4891H         LINE#         47
  C:4893H         LINE#         48
  C:48A0H         LINE#         49
  C:48A4H         LINE#         50
  C:48A7H         LINE#         51
  C:48A9H         LINE#         52
  C:48ACH         LINE#         53
  C:48AEH         LINE#         54
  C:48B1H         LINE#         55
  C:48B6H         LINE#         56
  -------         ENDPROC       _IIC_SEND_BYTE
  -------         PROC          L?0026
  -------         ENDPROC       L?0026
  -------         PROC          IIC_WAIT_ACK
  -------         DO            
  D:0007H         SYMBOL        ucErrTime
  -------         ENDDO         
BL51 BANKED LINKER/LOCATER V6.22                                                      08/28/2024  17:05:56  PAGE 20


  C:4945H         LINE#         61
  C:4945H         LINE#         62
  C:4945H         LINE#         63
  C:4947H         LINE#         65
  C:494DH         LINE#         66
  C:4953H         LINE#         67
  C:4956H         LINE#         68
  C:4957H         LINE#         69
  C:495DH         LINE#         70
  C:4960H         LINE#         71
  C:4963H         LINE#         72
  C:4963H         LINE#         73
  C:4963H         LINE#         74
  C:4965H         LINE#         75
  C:4967H         LINE#         76
  -------         ENDPROC       IIC_WAIT_ACK
  -------         PROC          _IIC_READ_BYTE
  D:0007H         SYMBOL        ack
  -------         DO            
  D:0006H         SYMBOL        i
  X:00DAH         SYMBOL        receive
  -------         ENDDO         
  C:484AH         LINE#         79
  C:484AH         LINE#         80
  C:484AH         LINE#         81
  C:484FH         LINE#         83
  C:4850H         LINE#         84
  C:4852H         LINE#         85
  C:4858H         LINE#         86
  C:485AH         LINE#         87
  C:485EH         LINE#         88
  C:4866H         LINE#         89
  C:486CH         LINE#         90
  C:4871H         LINE#         91
  C:4876H         LINE#         92
  C:4879H         LINE#         93
  C:487EH         LINE#         95
  C:4881H         LINE#         96
  C:4886H         LINE#         97
  -------         ENDPROC       _IIC_READ_BYTE
  -------         PROC          IIC_ACK
  C:4AA0H         LINE#         100
  C:4AA0H         LINE#         101
  C:4AA0H         LINE#         102
  C:4AA2H         LINE#         104
  C:4AA4H         LINE#         105
  C:4AA7H         LINE#         106
  C:4AAAH         LINE#         107
  C:4AADH         LINE#         108
  C:4AAFH         LINE#         109
  C:4AB2H         LINE#         110
  C:4AB5H         LINE#         111
  C:4AB8H         LINE#         112
  C:4ABAH         LINE#         113
  -------         ENDPROC       IIC_ACK
  -------         PROC          IIC_NACK
  C:4ABBH         LINE#         116
BL51 BANKED LINKER/LOCATER V6.22                                                      08/28/2024  17:05:56  PAGE 21


  C:4ABBH         LINE#         117
  C:4ABBH         LINE#         118
  C:4ABDH         LINE#         120
  C:4ABFH         LINE#         121
  C:4AC2H         LINE#         122
  C:4AC5H         LINE#         123
  C:4AC8H         LINE#         124
  C:4ACAH         LINE#         125
  C:4ACDH         LINE#         126
  C:4AD0H         LINE#         127
  C:4AD3H         LINE#         128
  C:4AD5H         LINE#         129
  -------         ENDPROC       IIC_NACK
  -------         PROC          _AT24CXX_READONEBYTE
  D:0002H         SYMBOL        ReadAddr
  -------         DO            
  D:0004H         SYMBOL        temp
  -------         ENDDO         
  C:49BCH         LINE#         134
  C:49C0H         LINE#         135
  C:49C0H         LINE#         136
  C:49C2H         LINE#         137
  C:49C5H         LINE#         138
  C:49C5H         LINE#         143
  C:49C8H         LINE#         145
  C:49C8H         LINE#         146
  C:49C8H         LINE#         147
  C:49CBH         LINE#         148
  C:49CEH         LINE#         149
  C:49D3H         LINE#         150
  C:49D6H         LINE#         151
  C:49DDH         LINE#         152
  C:49E0H         LINE#         153
  C:49E0H         LINE#         154
  -------         ENDPROC       _AT24CXX_READONEBYTE
  -------         PROC          _AT24CXX_WRITEONEBYTE
  D:0002H         SYMBOL        WriteAddr
  D:0004H         SYMBOL        DataToWrite
  C:49E1H         LINE#         159
  C:49E7H         LINE#         160
  C:49E7H         LINE#         161
  C:49EAH         LINE#         162
  C:49EAH         LINE#         166
  C:49EAH         LINE#         167
  C:49EDH         LINE#         168
  C:49EDH         LINE#         169
  C:49EDH         LINE#         170
  C:49EDH         LINE#         171
  C:49F0H         LINE#         172
  C:49F5H         LINE#         173
  C:49F8H         LINE#         174
  C:49FBH         LINE#         175
  -------         ENDPROC       _AT24CXX_WRITEONEBYTE
  -------         ENDMOD        24CXX

  -------         MODULE        MAIN_INTERFACE
  C:0000H         SYMBOL        _ICE_DUMMY_
BL51 BANKED LINKER/LOCATER V6.22                                                      08/28/2024  17:05:56  PAGE 22


  D:0080H         PUBLIC        P0
  D:0090H         PUBLIC        P1
  D:00A0H         PUBLIC        P2
  D:00B0H         PUBLIC        P3
  D:00C0H         PUBLIC        P4
  D:00C8H         PUBLIC        P5
  D:00E8H         PUBLIC        P6
  D:00F8H         PUBLIC        P7
  D:00A8H         PUBLIC        IE
  D:00B8H         PUBLIC        IP
  D:00D8H         PUBLIC        CCON
  D:0098H         PUBLIC        SCON
  D:0088H         PUBLIC        TCON
  C:4968H         PUBLIC        jump_interface
  D:00D0H         PUBLIC        PSW
  -------         PROC          JUMP_INTERFACE
  C:4968H         LINE#         3
  C:4968H         LINE#         4
  C:4968H         LINE#         5
  C:4968H         LINE#         6
  C:4968H         LINE#         7
  C:496DH         LINE#         8
  C:497EH         LINE#         9
  C:497EH         LINE#         10
  C:497EH         LINE#         11
  C:4981H         LINE#         12
  C:4983H         LINE#         13
  C:4983H         LINE#         14
  C:4986H         LINE#         15
  C:4988H         LINE#         16
  C:4988H         LINE#         17
  C:498BH         LINE#         18
  C:498DH         LINE#         19
  C:498DH         LINE#         20
  C:4990H         LINE#         21
  -------         ENDPROC       JUMP_INTERFACE
  -------         ENDMOD        MAIN_INTERFACE

  -------         MODULE        XS_LOADING
  C:0000H         SYMBOL        _ICE_DUMMY_
  D:0080H         PUBLIC        P0
  D:0090H         PUBLIC        P1
  D:00A0H         PUBLIC        P2
  D:00B0H         PUBLIC        P3
  D:00C0H         PUBLIC        P4
  D:00C8H         PUBLIC        P5
  D:00E8H         PUBLIC        P6
  D:00F8H         PUBLIC        P7
  D:00A8H         PUBLIC        IE
  C:4AF1H         PUBLIC        MAIN_KEEP_LOADING
  D:00B8H         PUBLIC        IP
  D:00D8H         PUBLIC        CCON
  B:0090H.0       PUBLIC        P10
  D:0098H         PUBLIC        SCON
  D:0088H         PUBLIC        TCON
  C:461BH         PUBLIC        main_xs_loading
  C:4AF0H         PUBLIC        MAIN_KEY_KEEP_LOADING
BL51 BANKED LINKER/LOCATER V6.22                                                      08/28/2024  17:05:56  PAGE 23


  D:00D0H         PUBLIC        PSW
  -------         PROC          MAIN_XS_LOADING
  -------         DO            
  D:0007H         SYMBOL        key
  C:4676H         SYMBOL        over_main_xs_loading
  -------         ENDDO         
  C:461BH         LINE#         11
  C:461BH         LINE#         12
  C:461BH         LINE#         14
  C:4620H         LINE#         15
  C:4620H         LINE#         16
  C:462BH         LINE#         17
  C:4631H         LINE#         18
  C:4634H         LINE#         19
  C:4643H         LINE#         20
  C:464FH         LINE#         21
  C:464FH         LINE#         22
  C:464FH         LINE#         23
  C:464FH         LINE#         24
  C:464FH         LINE#         25
  C:464FH         LINE#         26
  C:4657H         LINE#         28
  C:465DH         LINE#         29
  C:465FH         LINE#         30
  C:465FH         LINE#         31
  C:465FH         LINE#         32
  C:4667H         LINE#         33
  C:466DH         LINE#         34
  C:466FH         LINE#         35
  C:466FH         LINE#         36
  C:4674H         LINE#         37
  C:4674H         LINE#         43
  C:4676H         LINE#         44
  C:4676H         LINE#         45
  C:4677H         LINE#         46
  -------         ENDPROC       MAIN_XS_LOADING
  -------         ENDMOD        XS_LOADING

  -------         MODULE        XS_ADVANCED_SETTINGS
  C:0000H         SYMBOL        _ICE_DUMMY_
  D:0080H         PUBLIC        P0
  D:0090H         PUBLIC        P1
  D:00A0H         PUBLIC        P2
  D:00B0H         PUBLIC        P3
  D:00C0H         PUBLIC        P4
  D:00C8H         PUBLIC        P5
  D:00E8H         PUBLIC        P6
  D:00F8H         PUBLIC        P7
  D:00A8H         PUBLIC        IE
  D:00B8H         PUBLIC        IP
  C:32D9H         PUBLIC        _comparison_password
  C:42C5H         PUBLIC        MAIN_KEY_ADIN1
  D:00D8H         PUBLIC        CCON
  C:37B0H         PUBLIC        dis_version
  B:0090H.0       PUBLIC        P10
  D:0098H         PUBLIC        SCON
  D:0088H         PUBLIC        TCON
BL51 BANKED LINKER/LOCATER V6.22                                                      08/28/2024  17:05:56  PAGE 24


  C:0D7AH         PUBLIC        _dis_adv_password
  C:42C6H         PUBLIC        MAIN_ADIN1
  C:2A09H         PUBLIC        main_xs_advanced_settings
  D:00D0H         PUBLIC        PSW
  -------         PROC          MAIN_XS_ADVANCED_SETTINGS
  -------         DO            
  D:0007H         SYMBOL        key
  X:00D2H         SYMBOL        wei
  X:00D3H         SYMBOL        adv_psw
  C:2C6DH         SYMBOL        over_main_xs_advanced_settings
  -------         ENDDO         
  C:2A09H         LINE#         28
  C:2A09H         LINE#         29
  C:2A09H         LINE#         31
  C:2A0EH         LINE#         32
  C:2A13H         LINE#         33
  C:2A15H         LINE#         34
  C:2A17H         LINE#         35
  C:2A19H         LINE#         36
  C:2A1BH         LINE#         37
  C:2A1DH         LINE#         38
  C:2A21H         LINE#         39
  C:2A24H         LINE#         40
  C:2A24H         LINE#         41
  C:2A2FH         LINE#         42
  C:2A35H         LINE#         43
  C:2A38H         LINE#         44
  C:2A47H         LINE#         45
  C:2A89H         LINE#         46
  C:2AADH         LINE#         47
  C:2AD1H         LINE#         48
  C:2AF5H         LINE#         49
  C:2B19H         LINE#         50
  C:2B3DH         LINE#         51
  C:2B61H         LINE#         52
  C:2B84H         LINE#         53
  C:2BA7H         LINE#         54
  C:2BCAH         LINE#         55
  C:2BF3H         LINE#         56
  C:2BF3H         LINE#         57
  C:2BFBH         LINE#         58
  C:2C00H         LINE#         59
  C:2C02H         LINE#         60
  C:2C04H         LINE#         61
  C:2C06H         LINE#         62
  C:2C08H         LINE#         63
  C:2C0AH         LINE#         64
  C:2C0EH         LINE#         65
  C:2C0EH         LINE#         66
  C:2C10H         LINE#         67
  C:2C10H         LINE#         68
  C:2C18H         LINE#         69
  C:2C1DH         LINE#         70
  C:2C1FH         LINE#         71
  C:2C1FH         LINE#         72
  C:2C1FH         LINE#         73
  C:2C27H         LINE#         74
BL51 BANKED LINKER/LOCATER V6.22                                                      08/28/2024  17:05:56  PAGE 25


  C:2C37H         LINE#         75
  C:2C43H         LINE#         76
  C:2C4BH         LINE#         77
  C:2C4DH         LINE#         78
  C:2C4DH         LINE#         79
  C:2C55H         LINE#         80
  C:2C63H         LINE#         81
  C:2C65H         LINE#         82
  C:2C65H         LINE#         83
  C:2C65H         LINE#         84
  C:2C6AH         LINE#         85
  C:2C6AH         LINE#         86
  C:2C6DH         LINE#         87
  C:2C6DH         LINE#         88
  C:2C6EH         LINE#         89
  -------         ENDPROC       MAIN_XS_ADVANCED_SETTINGS
  -------         PROC          _DIS_ADV_PASSWORD
  X:00DDH         SYMBOL        wei
  -------         DO            
  X:00DEH         SYMBOL        x
  X:00E0H         SYMBOL        y
  X:00E2H         SYMBOL        add
  -------         ENDDO         
  C:0D7AH         LINE#         91
  C:0D7FH         LINE#         92
  C:0D7FH         LINE#         95
  C:0D87H         LINE#         96
  C:0D8FH         LINE#         97
  C:0D93H         LINE#         98
  C:0DC1H         LINE#         99
  C:0DE9H         LINE#         100
  C:0DE9H         LINE#         101
  C:0E17H         LINE#         102
  C:0E17H         LINE#         103
  C:0E17H         LINE#         104
  C:0E28H         LINE#         105
  C:0E2BH         LINE#         106
  C:0E2BH         LINE#         107
  C:0E64H         LINE#         108
  C:0E82H         LINE#         109
  C:0E85H         LINE#         110
  C:0E85H         LINE#         111
  C:0EBEH         LINE#         112
  C:0F01H         LINE#         113
  C:0F26H         LINE#         114
  C:0F29H         LINE#         115
  C:0F29H         LINE#         116
  C:0F62H         LINE#         117
  C:0FA5H         LINE#         118
  C:0FEFH         LINE#         119
  C:101FH         LINE#         120
  C:1022H         LINE#         121
  C:1022H         LINE#         122
  C:105BH         LINE#         123
  C:109EH         LINE#         124
  C:10E8H         LINE#         125
  C:113DH         LINE#         126
BL51 BANKED LINKER/LOCATER V6.22                                                      08/28/2024  17:05:56  PAGE 26


  C:1173H         LINE#         127
  C:1176H         LINE#         128
  C:1176H         LINE#         129
  C:11AFH         LINE#         130
  C:11F2H         LINE#         131
  C:123CH         LINE#         132
  C:1291H         LINE#         133
  C:12ECH         LINE#         134
  C:134CH         LINE#         135
  C:134CH         LINE#         136
  C:134CH         LINE#         137
  -------         ENDPROC       _DIS_ADV_PASSWORD
  -------         PROC          _COMPARISON_PASSWORD
  X:00D9H         SYMBOL        wei
  X:00DAH         SYMBOL        buf
  C:32D9H         LINE#         140
  C:32E9H         LINE#         141
  C:32E9H         LINE#         142
  C:32F0H         LINE#         143
  C:332FH         LINE#         145
  C:3339H         LINE#         146
  C:333CH         LINE#         148
  C:333FH         LINE#         149
  C:333FH         LINE#         150
  C:3380H         LINE#         151
  C:3386H         LINE#         152
  C:3389H         LINE#         153
  C:3389H         LINE#         155
  C:33C0H         LINE#         156
  C:33C7H         LINE#         157
  C:33C9H         LINE#         158
  C:33CEH         LINE#         159
  C:33D0H         LINE#         160
  C:33D0H         LINE#         162
  C:33D0H         LINE#         163
  C:33D0H         LINE#         164
  C:33D0H         LINE#         165
  C:33D0H         LINE#         166
  C:33D0H         LINE#         167
  C:33D0H         LINE#         168
  C:33D0H         LINE#         169
  C:33D0H         LINE#         170
  C:33D2H         LINE#         171
  C:33E1H         LINE#         172
  C:33F3H         LINE#         173
  C:33FAH         LINE#         174
  C:3401H         LINE#         175
  C:3408H         LINE#         176
  C:340FH         LINE#         177
  C:3414H         LINE#         178
  C:3418H         LINE#         179
  C:3418H         LINE#         180
  C:341AH         LINE#         181
  -------         ENDPROC       _COMPARISON_PASSWORD
  -------         PROC          DIS_VERSION
  -------         DO            
  X:00D9H         SYMBOL        x
BL51 BANKED LINKER/LOCATER V6.22                                                      08/28/2024  17:05:56  PAGE 27


  X:00DBH         SYMBOL        y
  X:00DDH         SYMBOL        add
  -------         ENDDO         
  C:37B0H         LINE#         183
  C:37B0H         LINE#         184
  C:37B0H         LINE#         186
  C:37B9H         LINE#         187
  C:37C1H         LINE#         188
  C:37C8H         LINE#         190
  C:37F2H         LINE#         191
  C:380DH         LINE#         192
  C:383AH         LINE#         193
  C:384EH         LINE#         194
  C:3887H         LINE#         195
  C:389BH         LINE#         196
  -------         ENDPROC       DIS_VERSION
  -------         ENDMOD        XS_ADVANCED_SETTINGS

  -------         MODULE        XS_BASIC_SETTING
  C:0000H         SYMBOL        _ICE_DUMMY_
  -------         ENDMOD        XS_BASIC_SETTING

  -------         MODULE        XS_SET_PULSE
  C:0000H         SYMBOL        _ICE_DUMMY_
  -------         ENDMOD        XS_SET_PULSE

  -------         MODULE        XS_TQ_WORK
  C:0000H         SYMBOL        _ICE_DUMMY_
  D:0080H         PUBLIC        P0
  D:0090H         PUBLIC        P1
  D:00A0H         PUBLIC        P2
  D:00B0H         PUBLIC        P3
  D:00C0H         PUBLIC        P4
  D:00C8H         PUBLIC        P5
  D:00E8H         PUBLIC        P6
  D:00F8H         PUBLIC        P7
  D:00A8H         PUBLIC        IE
  D:00B8H         PUBLIC        IP
  B:00C0H.7       PUBLIC        YAG_SRART_KEY
  C:4039H         PUBLIC        MAIN_KEY_TQ_WORK
  D:00D8H         PUBLIC        CCON
  C:4992H         PUBLIC        _check_temp_error
  B:0090H.0       PUBLIC        P10
  D:0098H         PUBLIC        SCON
  B:00A0H.2       PUBLIC        P22
  B:0090H.3       PUBLIC        P13
  D:0088H         PUBLIC        TCON
  B:00A0H.3       PUBLIC        P23
  B:0090H.4       PUBLIC        P14
  B:00A0H.6       PUBLIC        P26
  C:403AH         PUBLIC        MAIN_TQ_WORK
  C:008EH         PUBLIC        main_xs_tq_work
  D:00D0H         PUBLIC        PSW
  B:00A0H.7       PUBLIC        CHECK_PRECOMBUSTION_KEY
  -------         PROC          MAIN_XS_TQ_WORK
  -------         DO            
  D:0007H         SYMBOL        key
BL51 BANKED LINKER/LOCATER V6.22                                                      08/28/2024  17:05:56  PAGE 28


  X:00D2H         SYMBOL        last_down
  X:00D3H         SYMBOL        error_flag
  X:00D4H         SYMBOL        buff_temp
  X:00D5H         SYMBOL        actual_temp
  X:00D6H         SYMBOL        start_key_down_flag
  X:00D7H         SYMBOL        precombustion_flag
  X:00D8H         SYMBOL        key_flag
  X:00D9H         SYMBOL        temp_error
  X:00DAH         SYMBOL        water_error
  X:00DBH         SYMBOL        sopt_size
  X:00DCH         SYMBOL        touch_count
  X:00DEH         SYMBOL        i
  X:00E0H         SYMBOL        temp
  X:00E2H         SYMBOL        pwm_value
  C:0D70H         SYMBOL        over_main_xs_tq_work
  C:0A41H         SYMBOL        over_precombustion_flish
  -------         ENDDO         
  C:008EH         LINE#         28
  C:008EH         LINE#         29
  C:008EH         LINE#         32
  C:0093H         LINE#         34
  C:009AH         LINE#         36
  C:00A2H         LINE#         38
  C:00A5H         LINE#         39
  C:00AAH         LINE#         40
  C:00AFH         LINE#         41
  C:00B4H         LINE#         42
  C:00B9H         LINE#         43
  C:00BEH         LINE#         44
  C:00C3H         LINE#         45
  C:00C6H         LINE#         47
  C:00C8H         LINE#         48
  C:00CAH         LINE#         49
  C:00CCH         LINE#         51
  C:00CEH         LINE#         52
  C:00D0H         LINE#         53
  C:00D2H         LINE#         54
  C:00D7H         LINE#         55
  C:00DBH         LINE#         56
  C:00E1H         LINE#         57
  C:00E7H         LINE#         58
  C:00EAH         LINE#         59
  C:00EDH         LINE#         60
  C:00EFH         LINE#         61
  C:00F4H         LINE#         62
  C:00F6H         LINE#         64
  C:0103H         LINE#         65
  C:010AH         LINE#         67
  C:010DH         LINE#         69
  C:0115H         LINE#         71
  C:011BH         LINE#         72
  C:013FH         LINE#         74
  C:0165H         LINE#         75
  C:019BH         LINE#         77
  C:01C1H         LINE#         78
  C:01F9H         LINE#         80
  C:021FH         LINE#         81
BL51 BANKED LINKER/LOCATER V6.22                                                      08/28/2024  17:05:56  PAGE 29


  C:0255H         LINE#         82
  C:0255H         LINE#         86
  C:0255H         LINE#         87
  C:0260H         LINE#         88
  C:0276H         LINE#         89
  C:0279H         LINE#         90
  C:0288H         LINE#         91
  C:02CAH         LINE#         92
  C:02CAH         LINE#         93
  C:02D5H         LINE#         94
  C:02DDH         LINE#         95
  C:02E3H         LINE#         96
  C:02E6H         LINE#         97
  C:02EAH         LINE#         98
  C:02F1H         LINE#         99
  C:02FCH         LINE#         100
  C:02FFH         LINE#         101
  C:030AH         LINE#         102
  C:030DH         LINE#         103
  C:032AH         LINE#         104
  C:032EH         LINE#         105
  C:032EH         LINE#         106
  C:0331H         LINE#         107
  C:0331H         LINE#         108
  C:033CH         LINE#         109
  C:0344H         LINE#         110
  C:034AH         LINE#         111
  C:034DH         LINE#         112
  C:0351H         LINE#         113
  C:0358H         LINE#         114
  C:0363H         LINE#         115
  C:0366H         LINE#         116
  C:0371H         LINE#         117
  C:0374H         LINE#         118
  C:0391H         LINE#         119
  C:0395H         LINE#         120
  C:0395H         LINE#         121
  C:0398H         LINE#         122
  C:0398H         LINE#         123
  C:03A3H         LINE#         124
  C:03ABH         LINE#         125
  C:03B1H         LINE#         126
  C:03B4H         LINE#         127
  C:03B8H         LINE#         128
  C:03BFH         LINE#         129
  C:03CAH         LINE#         130
  C:03CDH         LINE#         131
  C:03D8H         LINE#         132
  C:03DBH         LINE#         133
  C:03F8H         LINE#         134
  C:03FCH         LINE#         135
  C:03FCH         LINE#         136
  C:03FFH         LINE#         137
  C:03FFH         LINE#         138
  C:040AH         LINE#         139
  C:0412H         LINE#         140
  C:0418H         LINE#         141
BL51 BANKED LINKER/LOCATER V6.22                                                      08/28/2024  17:05:56  PAGE 30


  C:041BH         LINE#         142
  C:041FH         LINE#         143
  C:0426H         LINE#         144
  C:0431H         LINE#         145
  C:0434H         LINE#         146
  C:043FH         LINE#         147
  C:0442H         LINE#         148
  C:045FH         LINE#         149
  C:0463H         LINE#         150
  C:0463H         LINE#         151
  C:0466H         LINE#         152
  C:0466H         LINE#         153
  C:0471H         LINE#         154
  C:0479H         LINE#         155
  C:047FH         LINE#         156
  C:0482H         LINE#         157
  C:0486H         LINE#         158
  C:048DH         LINE#         159
  C:0498H         LINE#         160
  C:049BH         LINE#         161
  C:04A6H         LINE#         162
  C:04A9H         LINE#         163
  C:04C6H         LINE#         164
  C:04CAH         LINE#         165
  C:04CAH         LINE#         166
  C:04CDH         LINE#         167
  C:04CDH         LINE#         168
  C:04D0H         LINE#         169
  C:04D8H         LINE#         170
  C:04DDH         LINE#         171
  C:04DDH         LINE#         172
  C:04E0H         LINE#         173
  C:04E0H         LINE#         174
  C:04ECH         LINE#         175
  C:0518H         LINE#         176
  C:0520H         LINE#         177
  C:0526H         LINE#         178
  C:052BH         LINE#         179
  C:0530H         LINE#         180
  C:0539H         LINE#         181
  C:053FH         LINE#         182
  C:0542H         LINE#         183
  C:0545H         LINE#         184
  C:0545H         LINE#         185
  C:0551H         LINE#         186
  C:057FH         LINE#         187
  C:0587H         LINE#         188
  C:058DH         LINE#         189
  C:0592H         LINE#         190
  C:0597H         LINE#         191
  C:05A0H         LINE#         192
  C:05A6H         LINE#         193
  C:05A9H         LINE#         194
  C:05ACH         LINE#         195
  C:05ACH         LINE#         196
  C:05BEH         LINE#         197
  C:05ECH         LINE#         198
BL51 BANKED LINKER/LOCATER V6.22                                                      08/28/2024  17:05:56  PAGE 31


  C:05F4H         LINE#         199
  C:0602H         LINE#         200
  C:0607H         LINE#         201
  C:060CH         LINE#         202
  C:0615H         LINE#         203
  C:061BH         LINE#         204
  C:061EH         LINE#         205
  C:0621H         LINE#         206
  C:0621H         LINE#         207
  C:0633H         LINE#         208
  C:0661H         LINE#         209
  C:0669H         LINE#         210
  C:0677H         LINE#         211
  C:067CH         LINE#         212
  C:0681H         LINE#         213
  C:068AH         LINE#         214
  C:0690H         LINE#         215
  C:0693H         LINE#         216
  C:0696H         LINE#         217
  C:0696H         LINE#         218
  C:06A2H         LINE#         219
  C:06D0H         LINE#         220
  C:06D8H         LINE#         221
  C:06DEH         LINE#         222
  C:06E1H         LINE#         223
  C:06EAH         LINE#         224
  C:06F0H         LINE#         225
  C:06F3H         LINE#         226
  C:06F6H         LINE#         227
  C:06F6H         LINE#         228
  C:0702H         LINE#         229
  C:0730H         LINE#         230
  C:0738H         LINE#         231
  C:073EH         LINE#         232
  C:0741H         LINE#         233
  C:074AH         LINE#         234
  C:0750H         LINE#         235
  C:0753H         LINE#         236
  C:0755H         LINE#         237
  C:0755H         LINE#         238
  C:0758H         LINE#         239
  C:0760H         LINE#         240
  C:0766H         LINE#         241
  C:076FH         LINE#         242
  C:0777H         LINE#         243
  C:077CH         LINE#         244
  C:0781H         LINE#         245
  C:0781H         LINE#         246
  C:0783H         LINE#         247
  C:0783H         LINE#         248
  C:0786H         LINE#         249
  C:07AFH         LINE#         250
  C:07AFH         LINE#         251
  C:07AFH         LINE#         252
  C:07B2H         LINE#         253
  C:07B7H         LINE#         254
  C:07BAH         LINE#         255
BL51 BANKED LINKER/LOCATER V6.22                                                      08/28/2024  17:05:56  PAGE 32


  C:07BAH         LINE#         256
  C:07D0H         LINE#         257
  C:07F4H         LINE#         258
  C:081EH         LINE#         259
  C:084AH         LINE#         260
  C:084AH         LINE#         261
  C:0857H         LINE#         262
  C:085EH         LINE#         263
  C:0899H         LINE#         264
  C:08C5H         LINE#         265
  C:08C5H         LINE#         266
  C:08D2H         LINE#         267
  C:08D9H         LINE#         268
  C:0914H         LINE#         269
  C:093FH         LINE#         270
  C:093FH         LINE#         271
  C:0942H         LINE#         272
  C:096DH         LINE#         273
  C:096DH         LINE#         274
  C:0970H         LINE#         275
  C:099EH         LINE#         276
  C:09A3H         LINE#         277
  C:09A3H         LINE#         279
  C:09BEH         LINE#         281
  C:09C7H         LINE#         282
  C:09CDH         LINE#         283
  C:09D0H         LINE#         284
  C:09D7H         LINE#         285
  C:09D9H         LINE#         286
  C:09DBH         LINE#         287
  C:09E2H         LINE#         288
  C:09F1H         LINE#         289
  C:09FCH         LINE#         290
  C:0A0AH         LINE#         291
  C:0A12H         LINE#         292
  C:0A17H         LINE#         294
  C:0A19H         LINE#         295
  C:0A24H         LINE#         296
  C:0A41H         LINE#         297
  C:0A41H         LINE#         298
  C:0A47H         LINE#         299
  C:0A49H         LINE#         300
  C:0A4BH         LINE#         301
  C:0A4DH         LINE#         302
  C:0A4FH         LINE#         303
  C:0A54H         LINE#         304
  C:0A5CH         LINE#         305
  C:0A67H         LINE#         306
  C:0A6FH         LINE#         307
  C:0A74H         LINE#         308
  C:0A7AH         LINE#         309
  C:0A82H         LINE#         310
  C:0A82H         LINE#         311
  C:0A85H         LINE#         312
  C:0A85H         LINE#         313
  C:0A85H         LINE#         314
  C:0A87H         LINE#         315
BL51 BANKED LINKER/LOCATER V6.22                                                      08/28/2024  17:05:56  PAGE 33


  C:0A89H         LINE#         316
  C:0A8BH         LINE#         318
  C:0A8EH         LINE#         319
  C:0A8EH         LINE#         320
  C:0A94H         LINE#         321
  C:0A94H         LINE#         323
  C:0AA0H         LINE#         324
  C:0AA5H         LINE#         325
  C:0AA8H         LINE#         326
  C:0AABH         LINE#         327
  C:0AC1H         LINE#         328
  C:0AC3H         LINE#         329
  C:0ACEH         LINE#         330
  C:0AD0H         LINE#         331
  C:0AD3H         LINE#         332
  C:0ADDH         LINE#         333
  C:0ADFH         LINE#         334
  C:0ADFH         LINE#         335
  C:0AE1H         LINE#         336
  C:0AE3H         LINE#         337
  C:0AEBH         LINE#         338
  C:0AEBH         LINE#         339
  C:0AEBH         LINE#         340
  C:0AEBH         LINE#         342
  C:0AEEH         LINE#         343
  C:0AF0H         LINE#         344
  C:0B0CH         LINE#         345
  C:0B2BH         LINE#         346
  C:0B2EH         LINE#         347
  C:0B33H         LINE#         348
  C:0B33H         LINE#         349
  C:0B4BH         LINE#         350
  C:0B59H         LINE#         351
  C:0B5EH         LINE#         352
  C:0B5EH         LINE#         353
  C:0B5EH         LINE#         355
  C:0B69H         LINE#         356
  C:0B6EH         LINE#         358
  C:0B7AH         LINE#         359
  C:0B7CH         LINE#         360
  C:0B81H         LINE#         361
  C:0B86H         LINE#         362
  C:0B86H         LINE#         364
  C:0B99H         LINE#         365
  C:0BA2H         LINE#         366
  C:0BA7H         LINE#         367
  C:0BAEH         LINE#         368
  C:0BB6H         LINE#         369
  C:0BC4H         LINE#         370
  C:0BCFH         LINE#         371
  C:0BDEH         LINE#         372
  C:0BE2H         LINE#         373
  C:0BEAH         LINE#         374
  C:0BEAH         LINE#         375
  C:0BF0H         LINE#         377
  C:0BF0H         LINE#         378
  C:0BF3H         LINE#         379
BL51 BANKED LINKER/LOCATER V6.22                                                      08/28/2024  17:05:56  PAGE 34


  C:0BF3H         LINE#         381
  C:0BFBH         LINE#         382
  C:0C08H         LINE#         383
  C:0C0EH         LINE#         384
  C:0C11H         LINE#         385
  C:0C11H         LINE#         386
  C:0C23H         LINE#         387
  C:0C38H         LINE#         388
  C:0C56H         LINE#         389
  C:0C5CH         LINE#         390
  C:0C5EH         LINE#         391
  C:0C6CH         LINE#         392
  C:0C6EH         LINE#         393
  C:0C7CH         LINE#         394
  C:0C81H         LINE#         395
  C:0C81H         LINE#         396
  C:0C88H         LINE#         397
  C:0CABH         LINE#         398
  C:0CD1H         LINE#         399
  C:0D07H         LINE#         400
  C:0D16H         LINE#         401
  C:0D24H         LINE#         402
  C:0D2FH         LINE#         403
  C:0D3EH         LINE#         404
  C:0D42H         LINE#         405
  C:0D4AH         LINE#         406
  C:0D52H         LINE#         407
  C:0D55H         LINE#         408
  C:0D65H         LINE#         409
  C:0D65H         LINE#         410
  C:0D6BH         LINE#         412
  C:0D70H         LINE#         413
  C:0D70H         LINE#         414
  C:0D70H         LINE#         415
  C:0D70H         LINE#         416
  C:0D70H         LINE#         417
  C:0D70H         LINE#         418
  C:0D71H         LINE#         419
  C:0D73H         LINE#         420
  C:0D75H         LINE#         421
  C:0D77H         LINE#         422
  -------         ENDPROC       MAIN_XS_TQ_WORK
  -------         PROC          _CHECK_TEMP_ERROR
  D:0007H         SYMBOL        temp
  C:4992H         LINE#         425
  C:4992H         LINE#         426
  C:4992H         LINE#         427
  C:4996H         LINE#         428
  C:4999H         LINE#         429
  C:499DH         LINE#         430
  C:49A0H         LINE#         431
  C:49B6H         LINE#         432
  C:49B9H         LINE#         433
  C:49B9H         LINE#         434
  C:49BBH         LINE#         436
  -------         ENDPROC       _CHECK_TEMP_ERROR
  -------         ENDMOD        XS_TQ_WORK
BL51 BANKED LINKER/LOCATER V6.22                                                      08/28/2024  17:05:56  PAGE 35



  -------         MODULE        XS_ADJUST_POWER
  C:0000H         SYMBOL        _ICE_DUMMY_
  D:0080H         PUBLIC        P0
  D:0090H         PUBLIC        P1
  D:00A0H         PUBLIC        P2
  D:00B0H         PUBLIC        P3
  D:00C0H         PUBLIC        P4
  D:00C8H         PUBLIC        P5
  D:00E8H         PUBLIC        P6
  D:00F8H         PUBLIC        P7
  D:00A8H         PUBLIC        IE
  C:41C2H         PUBLIC        MAIN_KEY_ADJUST_POWER
  D:00B8H         PUBLIC        IP
  D:00D8H         PUBLIC        CCON
  B:0090H.0       PUBLIC        P10
  D:0098H         PUBLIC        SCON
  D:0088H         PUBLIC        TCON
  C:41C3H         PUBLIC        MAIN_ADJUST_POWER
  C:001EH         PUBLIC        dis_adjust_power_tq_set_time
  C:3E1BH         PUBLIC        _dis_adjust_power_tq_set_pwm
  C:23E6H         PUBLIC        main_xs_adjust_power
  D:00D0H         PUBLIC        PSW
  -------         PROC          MAIN_XS_ADJUST_POWER
  -------         DO            
  X:00D2H         SYMBOL        key
  X:00D3H         SYMBOL        last_down
  X:00D4H         SYMBOL        num
  X:00D5H         SYMBOL        pwm_value
  C:26FCH         SYMBOL        over_main_xs_adjust_power
  -------         ENDDO         
  C:23E6H         LINE#         27
  C:23E6H         LINE#         28
  C:23E6H         LINE#         31
  C:23EBH         LINE#         32
  C:23EEH         LINE#         33
  C:23F3H         LINE#         34
[...]
  X:0106H         SYMBOL        i
  X:0107H         SYMBOL        wei1
  X:0108H         SYMBOL        wei2
  X:0109H         SYMBOL        pic_buff
  X:010AH         SYMBOL        j
  X:010BH         SYMBOL        xs
  X:010DH         SYMBOL        ys
  X:010FH         SYMBOL        temp
  X:0113H         SYMBOL        buff_temp
  -------         ENDDO         
  C:134DH         LINE#         297
  C:1358H         LINE#         298
  C:1358H         LINE#         302
  C:138CH         LINE#         303
  C:1398H         LINE#         304
  C:13A4H         LINE#         305
  C:13B0H         LINE#         306
  C:13BCH         LINE#         307
  C:13C8H         LINE#         308
  C:13D4H         LINE#         309
  C:13E0H         LINE#         310
  C:13ECH         LINE#         311
  C:13F8H         LINE#         312
  C:1404H         LINE#         313
  C:140EH         LINE#         314
  C:140EH         LINE#         316
  C:1422H         LINE#         317
  C:1427H         LINE#         318
  C:1427H         LINE#         319
  C:142DH         LINE#         320
  C:144AH         LINE#         321
  C:1463H         LINE#         322
  C:1488H         LINE#         324
  C:149CH         LINE#         325
  C:14A1H         LINE#         326
  C:14A1H         LINE#         327
  C:14A7H         LINE#         328
  C:14C4H         LINE#         329
  C:14DDH         LINE#         330
  C:1506H         LINE#         332
  C:1580H         LINE#         334
  C:1588H         LINE#         336
  C:15B4H         LINE#         337
  C:15FCH         LINE#         338
  C:1619H         LINE#         339
  C:1628H         LINE#         341
  C:163CH         LINE#         342
  C:1650H         LINE#         343
BL51 BANKED LINKER/LOCATER V6.22                                                      08/28/2024  17:05:56  PAGE 45


  C:1655H         LINE#         344
  C:1655H         LINE#         345
  C:165BH         LINE#         346
  C:1676H         LINE#         347
  C:167EH         LINE#         349
  C:1689H         LINE#         350
  C:16DFH         LINE#         351
  C:174AH         LINE#         352
  C:174AH         LINE#         353
  C:1767H         LINE#         354
  C:1784H         LINE#         355
  C:1786H         LINE#         356
  C:17D5H         LINE#         357
  C:17D5H         LINE#         358
  C:17E8H         LINE#         359
  C:17EEH         LINE#         360
  C:17EFH         LINE#         361
  C:17F0H         LINE#         362
  C:17FCH         LINE#         363
  -------         ENDPROC       _DIS_FONT_WEI_DECIMAL_TWO_VALUE
  -------         ENDMOD        DISPLAY

  -------         MODULE        EEPROM_DATA
  C:0000H         SYMBOL        _ICE_DUMMY_
  C:3C82H         PUBLIC        read_tq_total_time
  D:0080H         PUBLIC        P0
  D:0090H         PUBLIC        P1
  D:00A0H         PUBLIC        P2
  D:00B0H         PUBLIC        P3
  D:00C0H         PUBLIC        P4
  D:00C8H         PUBLIC        P5
  D:00E8H         PUBLIC        P6
  D:00F8H         PUBLIC        P7
  D:00A8H         PUBLIC        IE
  C:4774H         PUBLIC        write_tq_total_time
  D:00B8H         PUBLIC        IP
  D:00D8H         PUBLIC        CCON
  D:0098H         PUBLIC        SCON
  D:0088H         PUBLIC        TCON
  C:43AEH         PUBLIC        _read_tq_set_pwm
  C:4808H         PUBLIC        _write_tq_set_pwm
  C:341BH         PUBLIC        read_all_tq_set_pwm
  C:4B09H         PUBLIC        read_max_water_temp
  C:000EH         PUBLIC        write_max_water_temp
  D:00D0H         PUBLIC        PSW
  -------         PROC          READ_TQ_TOTAL_TIME
  C:3C82H         LINE#         3
  C:3C82H         LINE#         4
  C:3C82H         LINE#         5
  C:3C92H         LINE#         6
  C:3CABH         LINE#         7
  C:3CDFH         LINE#         8
  C:3CF8H         LINE#         9
  C:3D2CH         LINE#         10
  C:3D48H         LINE#         11
  C:3D52H         LINE#         12
  C:3D55H         LINE#         13
BL51 BANKED LINKER/LOCATER V6.22                                                      08/28/2024  17:05:56  PAGE 46


  C:3D55H         LINE#         14
  -------         ENDPROC       READ_TQ_TOTAL_TIME
  -------         PROC          WRITE_TQ_TOTAL_TIME
  C:4774H         LINE#         16
  C:4774H         LINE#         17
  C:4774H         LINE#         18
  C:4793H         LINE#         19
  C:47B1H         LINE#         20
  -------         ENDPROC       WRITE_TQ_TOTAL_TIME
  -------         PROC          READ_MAX_WATER_TEMP
  C:4B09H         LINE#         23
  C:4B09H         LINE#         24
  C:4B09H         LINE#         25
  C:4B15H         LINE#         26
  C:4B1AH         LINE#         27
  C:4B1DH         LINE#         28
  C:4B20H         LINE#         29
  C:4B20H         LINE#         30
  -------         ENDPROC       READ_MAX_WATER_TEMP
  -------         PROC          WRITE_MAX_WATER_TEMP
  C:000EH         LINE#         32
  C:000EH         LINE#         33
  C:000EH         LINE#         34
  -------         ENDPROC       WRITE_MAX_WATER_TEMP
  -------         PROC          _READ_TQ_SET_PWM
  X:00D8H         SYMBOL        num
  -------         DO            
  X:00D9H         SYMBOL        ad
  -------         ENDDO         
  C:43AEH         LINE#         37
  C:43B3H         LINE#         38
  C:43B3H         LINE#         40
  C:43BAH         LINE#         41
  C:43D4H         LINE#         42
  C:43EEH         LINE#         43
  C:4425H         LINE#         44
  -------         ENDPROC       _READ_TQ_SET_PWM
  -------         PROC          _WRITE_TQ_SET_PWM
  X:00D8H         SYMBOL        num
  -------         DO            
  X:00D9H         SYMBOL        ad
  -------         ENDDO         
  C:4808H         LINE#         46
  C:480DH         LINE#         47
  C:480DH         LINE#         49
  C:4816H         LINE#         50
  C:482BH         LINE#         51
  -------         ENDPROC       _WRITE_TQ_SET_PWM
  -------         PROC          READ_ALL_TQ_SET_PWM
  -------         DO            
  X:00D7H         SYMBOL        i
  -------         ENDDO         
  C:341BH         LINE#         54
  C:341BH         LINE#         55
  C:341BH         LINE#         57
  C:342AH         LINE#         58
  C:342DH         LINE#         59
BL51 BANKED LINKER/LOCATER V6.22                                                      08/28/2024  17:05:56  PAGE 47


  C:3435H         LINE#         60
  C:3510H         LINE#         63
  C:3510H         LINE#         64
  C:351AH         LINE#         65
  C:3522H         LINE#         66
  C:352AH         LINE#         67
  C:3532H         LINE#         68
  C:353AH         LINE#         69
  C:3542H         LINE#         70
  C:3551H         LINE#         71
  C:3554H         LINE#         72
  C:355CH         LINE#         73
  C:355CH         LINE#         74
  -------         ENDPROC       READ_ALL_TQ_SET_PWM
  -------         ENDMOD        EEPROM_DATA

  -------         MODULE        OTHER
  C:0000H         SYMBOL        _ICE_DUMMY_
  D:0080H         PUBLIC        P0
  D:0090H         PUBLIC        P1
  D:00A0H         PUBLIC        P2
  D:00B0H         PUBLIC        P3
  D:00C0H         PUBLIC        P4
  D:00C8H         PUBLIC        P5
  D:00E8H         PUBLIC        P6
  D:00F8H         PUBLIC        P7
  D:00A8H         PUBLIC        IE
  C:4426H         PUBLIC        count_tq_work_laser_level
  D:00B8H         PUBLIC        IP
  D:00D8H         PUBLIC        CCON
  D:0098H         PUBLIC        SCON
  D:0088H         PUBLIC        TCON
  B:00C8H.2       PUBLIC        CHECK_WATERWAY
  C:4B21H         PUBLIC        check_waterway
  C:2C6FH         PUBLIC        count_tq_work_set_vol
  D:00D0H         PUBLIC        PSW
  -------         PROC          CHECK_WATERWAY
  C:4B21H         LINE#         3
  C:4B21H         LINE#         4
  C:4B21H         LINE#         5
  C:4B24H         LINE#         6
  C:4B2FH         LINE#         7
  C:4B32H         LINE#         8
  C:4B35H         LINE#         9
  C:4B35H         LINE#         10
  C:4B35H         LINE#         11
  C:4B37H         LINE#         12
  -------         ENDPROC       CHECK_WATERWAY
  -------         PROC          COUNT_TQ_WORK_SET_VOL
  -------         DO            
  X:00E4H         SYMBOL        temp
  X:00E8H         SYMBOL        gear
  X:00ECH         SYMBOL        pwm
  -------         ENDDO         
  C:2C6FH         LINE#         14
  C:2C6FH         LINE#         15
  C:2C6FH         LINE#         17
BL51 BANKED LINKER/LOCATER V6.22                                                      08/28/2024  17:05:56  PAGE 48


  C:2C87H         LINE#         18
  C:2CAFH         LINE#         19
  C:2CAFH         LINE#         20
  C:2CCCH         LINE#         21
  C:2CF0H         LINE#         22
  C:2D09H         LINE#         23
  C:2D68H         LINE#         24
  C:2D85H         LINE#         25
  C:2D90H         LINE#         26
  C:2D93H         LINE#         27
  C:2E2EH         LINE#         28
  C:2E2EH         LINE#         29
  C:2E2EH         LINE#         30
  C:2E38H         LINE#         31
  -------         ENDPROC       COUNT_TQ_WORK_SET_VOL
  -------         PROC          COUNT_TQ_WORK_LASER_LEVEL
  C:4426H         LINE#         33
  C:4426H         LINE#         34
  C:4426H         LINE#         35
  C:4454H         LINE#         36
  C:4454H         LINE#         37
  C:4457H         LINE#         38
  C:445DH         LINE#         39
  C:4463H         LINE#         40
  C:4469H         LINE#         41
  C:446FH         LINE#         42
  C:4475H         LINE#         43
  C:447BH         LINE#         44
  C:4481H         LINE#         45
  C:4487H         LINE#         46
  C:4492H         LINE#         47
  C:4492H         LINE#         53
  -------         ENDPROC       COUNT_TQ_WORK_LASER_LEVEL
  -------         ENDMOD        OTHER

  -------         MODULE        CUT_TQ_WORK
  C:0000H         SYMBOL        _ICE_DUMMY_
  D:0080H         PUBLIC        P0
  D:0090H         PUBLIC        P1
  C:48E4H         PUBLIC        cut_tq_work_stop_pic
  D:00A0H         PUBLIC        P2
  D:00B0H         PUBLIC        P3
  D:00C0H         PUBLIC        P4
  D:00C8H         PUBLIC        P5
  D:00E8H         PUBLIC        P6
  D:00F8H         PUBLIC        P7
  D:00A8H         PUBLIC        IE
  D:00B8H         PUBLIC        IP
  D:00D8H         PUBLIC        CCON
  C:2E39H         PUBLIC        cut_tq_work_laser_level
  D:0098H         PUBLIC        SCON
  D:0088H         PUBLIC        TCON
  C:38C8H         PUBLIC        cut_tq_work_wavelength
  C:4911H         PUBLIC        cut_tq_work_wavelength_cover
  C:48B7H         PUBLIC        cut_tq_work_start_pic
  D:00D0H         PUBLIC        PSW
  -------         PROC          CUT_TQ_WORK_WAVELENGTH
BL51 BANKED LINKER/LOCATER V6.22                                                      08/28/2024  17:05:56  PAGE 49


  C:38C8H         LINE#         3
  C:38C8H         LINE#         4
  C:38C8H         LINE#         5
  C:38F6H         LINE#         6
  C:3928H         LINE#         7
  C:3959H         LINE#         8
  C:398AH         LINE#         9
  C:39BEH         LINE#         10
  -------         ENDPROC       CUT_TQ_WORK_WAVELENGTH
  -------         PROC          CUT_TQ_WORK_WAVELENGTH_COVER
  C:4911H         LINE#         12
  C:4911H         LINE#         13
  C:4911H         LINE#         14
  -------         ENDPROC       CUT_TQ_WORK_WAVELENGTH_COVER
  -------         PROC          CUT_TQ_WORK_LASER_LEVEL
  C:2E39H         LINE#         17
  C:2E39H         LINE#         18
  C:2E39H         LINE#         19
  C:2E6AH         LINE#         21
  C:2E90H         LINE#         22
  C:2EB6H         LINE#         23
  C:2EDCH         LINE#         24
  C:2F02H         LINE#         25
  C:2F27H         LINE#         26
  C:2F4CH         LINE#         27
  C:2F71H         LINE#         28
  C:2F98H         LINE#         29
  C:2FC1H         LINE#         30
  C:2FF0H         LINE#         31
  C:2FF0H         LINE#         32
  -------         ENDPROC       CUT_TQ_WORK_LASER_LEVEL
  -------         PROC          CUT_TQ_WORK_START_PIC
  C:48B7H         LINE#         34
  C:48B7H         LINE#         35
  C:48B7H         LINE#         36
  -------         ENDPROC       CUT_TQ_WORK_START_PIC
  -------         PROC          CUT_TQ_WORK_STOP_PIC
  C:48E4H         LINE#         39
  C:48E4H         LINE#         40
  C:48E4H         LINE#         41
  -------         ENDPROC       CUT_TQ_WORK_STOP_PIC
  -------         ENDMOD        CUT_TQ_WORK

  -------         MODULE        DIS_TQ_WORK
  C:0000H         SYMBOL        _ICE_DUMMY_
  D:0080H         PUBLIC        P0
  D:0090H         PUBLIC        P1
  D:00A0H         PUBLIC        P2
  C:368CH         PUBLIC        _dis_tq_work_energy_density
  D:00B0H         PUBLIC        P3
  D:00C0H         PUBLIC        P4
  D:00C8H         PUBLIC        P5
  D:00E8H         PUBLIC        P6
  D:00F8H         PUBLIC        P7
  D:00A8H         PUBLIC        IE
  D:00B8H         PUBLIC        IP
  C:455FH         PUBLIC        _dis_tq_work_energy_gear
BL51 BANKED LINKER/LOCATER V6.22                                                      08/28/2024  17:05:56  PAGE 50


  D:00D8H         PUBLIC        CCON
  D:0098H         PUBLIC        SCON
  D:0088H         PUBLIC        TCON
  C:3AB1H         PUBLIC        _dis_tq_work_temp
  C:4493H         PUBLIC        _dis_tq_work_total_time
  C:45BDH         PUBLIC        _dis_tq_work_cure_time
  C:46CEH         PUBLIC        _dis_tq_work_frequency_gear
  C:4721H         PUBLIC        _dis_tq_work_spot_size
  D:00D0H         PUBLIC        PSW
  -------         PROC          _DIS_TQ_WORK_FREQUENCY_GEAR
  D:0007H         SYMBOL        dis
  -------         DO            
  X:01BCH         SYMBOL        buff
  -------         ENDDO         
  C:46CEH         LINE#         3
  C:46CEH         LINE#         4
  C:46CEH         LINE#         6
  C:4718H         LINE#         7
  C:4720H         LINE#         8
  -------         ENDPROC       _DIS_TQ_WORK_FREQUENCY_GEAR
  -------         PROC          _DIS_TQ_WORK_ENERGY_GEAR
  D:0007H         SYMBOL        dis
  -------         DO            
  X:01BDH         SYMBOL        buff
  -------         ENDDO         
  C:455FH         LINE#         10
  C:455FH         LINE#         11
  C:455FH         LINE#         13
  C:45ADH         LINE#         14
  C:45BCH         LINE#         15
  -------         ENDPROC       _DIS_TQ_WORK_ENERGY_GEAR
  -------         PROC          _DIS_TQ_WORK_TOTAL_TIME
  D:0007H         SYMBOL        dis
  -------         DO            
  X:01BFH         SYMBOL        buff
  -------         ENDDO         
  C:4493H         LINE#         17
  C:4493H         LINE#         18
  C:4493H         LINE#         20
  C:44E7H         LINE#         21
  -------         ENDPROC       _DIS_TQ_WORK_TOTAL_TIME
  -------         PROC          _DIS_TQ_WORK_CURE_TIME
  D:0007H         SYMBOL        dis
  -------         DO            
  X:01C3H         SYMBOL        buff
  -------         ENDDO         
  C:45BDH         LINE#         24
  C:45BDH         LINE#         25
  C:45BDH         LINE#         27
  C:460BH         LINE#         28
  C:461AH         LINE#         29
  -------         ENDPROC       _DIS_TQ_WORK_CURE_TIME
  -------         PROC          _DIS_TQ_WORK_SPOT_SIZE
  D:0007H         SYMBOL        dis
  -------         DO            
  X:01C5H         SYMBOL        buff
  -------         ENDDO         
BL51 BANKED LINKER/LOCATER V6.22                                                      08/28/2024  17:05:56  PAGE 51


  C:4721H         LINE#         31
  C:4721H         LINE#         32
  C:4721H         LINE#         34
  C:476BH         LINE#         35
  C:4773H         LINE#         36
  -------         ENDPROC       _DIS_TQ_WORK_SPOT_SIZE
  -------         PROC          _DIS_TQ_WORK_ENERGY_DENSITY
  X:00E4H         SYMBOL        dis
  -------         DO            
  X:01C6H         SYMBOL        buff
  X:00E5H         SYMBOL        temp
  X:00E9H         SYMBOL        square
  X:00EDH         SYMBOL        power
  -------         ENDDO         
  C:368CH         LINE#         38
  C:3691H         LINE#         39
  C:3691H         LINE#         42
  C:36A0H         LINE#         43
  C:36CFH         LINE#         45
  C:36E0H         LINE#         46
  C:370FH         LINE#         48
  C:371EH         LINE#         49
  C:3743H         LINE#         51
  C:379CH         LINE#         52
  -------         ENDPROC       _DIS_TQ_WORK_ENERGY_DENSITY
  -------         PROC          _DIS_TQ_WORK_TEMP
  X:00E4H         SYMBOL        temp
  C:3AB1H         LINE#         55
  C:3AB6H         LINE#         56
  C:3AB6H         LINE#         57
  C:3ADCH         LINE#         58
  C:3AE6H         LINE#         59
  C:3B04H         LINE#         60
  C:3B10H         LINE#         61
  C:3B37H         LINE#         62
  C:3B64H         LINE#         63
  C:3B66H         LINE#         64
  C:3B9EH         LINE#         65
  C:3B9EH         LINE#         66
  -------         ENDPROC       _DIS_TQ_WORK_TEMP
  -------         ENDMOD        DIS_TQ_WORK

  -------         MODULE        ?C?CLDPTR
  C:2700H         PUBLIC        ?C?CLDPTR
  -------         ENDMOD        ?C?CLDPTR

  -------         MODULE        ?C?CLDOPTR
  C:2719H         PUBLIC        ?C?CLDOPTR
  -------         ENDMOD        ?C?CLDOPTR

  -------         MODULE        ?C?CSTPTR
  C:2746H         PUBLIC        ?C?CSTPTR
  -------         ENDMOD        ?C?CSTPTR

  -------         MODULE        ?C?CSTOPTR
  C:2758H         PUBLIC        ?C?CSTOPTR
  -------         ENDMOD        ?C?CSTOPTR
BL51 BANKED LINKER/LOCATER V6.22                                                      08/28/2024  17:05:56  PAGE 52



  -------         MODULE        ?C?IMUL
  C:277AH         PUBLIC        ?C?IMUL
  -------         ENDMOD        ?C?IMUL

  -------         MODULE        ?C?UIDIV
  C:278CH         PUBLIC        ?C?UIDIV
  -------         ENDMOD        ?C?UIDIV

  -------         MODULE        ?C?IILDX
  C:27E1H         PUBLIC        ?C?IILDX
  -------         ENDMOD        ?C?IILDX

  -------         MODULE        ?C?ILDOPTR
  C:27F7H         PUBLIC        ?C?ILDOPTR
  -------         ENDMOD        ?C?ILDOPTR

  -------         MODULE        ?C?LMUL
  C:282FH         PUBLIC        ?C?LMUL
  -------         ENDMOD        ?C?LMUL

  -------         MODULE        ?C?ULDIV
  C:28BAH         PUBLIC        ?C?ULDIV
  -------         ENDMOD        ?C?ULDIV

  -------         MODULE        ?C?SLDIV
  C:47C4H         PUBLIC        ?C?SLDIV
  -------         ENDMOD        ?C?SLDIV

  -------         MODULE        ?C?SLCMP
  C:294CH         PUBLIC        ?C?SLCMP
  -------         ENDMOD        ?C?SLCMP

  -------         MODULE        ?C?ULCMP
  C:2962H         PUBLIC        ?C?ULCMP
  -------         ENDMOD        ?C?ULCMP

  -------         MODULE        ?C?SLSHR
  C:2973H         PUBLIC        ?C?SLSHR
  -------         ENDMOD        ?C?SLSHR

  -------         MODULE        ?C?LSHL
  C:2987H         PUBLIC        ?C?LSHL
  -------         ENDMOD        ?C?LSHL

  -------         MODULE        ?C?LSTXDATA
  C:299AH         PUBLIC        ?C?LSTXDATA
  -------         ENDMOD        ?C?LSTXDATA

  -------         MODULE        ?C?LSTKXDATA
  C:29A6H         PUBLIC        ?C?LSTKXDATA
  -------         ENDMOD        ?C?LSTKXDATA

  -------         MODULE        ?C?OFFXADD
  C:29D7H         PUBLIC        ?C?OFFXADD
  -------         ENDMOD        ?C?OFFXADD

BL51 BANKED LINKER/LOCATER V6.22                                                      08/28/2024  17:05:56  PAGE 53


  -------         MODULE        ?C?CCASE
  C:29E3H         PUBLIC        ?C?CCASE
  -------         ENDMOD        ?C?CCASE

Program Size: data=17.6 xdata=461 code=19321
LINK/LOCATE RUN COMPLETE.  0 WARNING(S),  0 ERROR(S)
