C51 COMPILER V9.00   XS_CHOOSE_MODE                                                        08/14/2024 11:36:45 PAGE 1   


C51 COMPILER V9.00, COMPILATION OF MODULE XS_CHOOSE_MODE
OBJECT MODULE PLACED IN ..\hex\XS_choose_mode.obj
COMPILER INVOKED BY: C:\Keil _C51\C51\BIN\C51.EXE ..\main\XS_choose_mode.c LARGE BROWSE INCDIR(..\user;..\common;..\disp
                    -lay) DEBUG OBJECTEXTEND PRINT(.\LIST\XS_choose_mode.lst) OBJECT(..\hex\XS_choose_mode.obj)

line level    source

   1          //#include "config.h"
   2          //
   3          //const u8  MAIN_KEY_CHOOSE_MODE = 4;
   4          //const u16 MAIN_CHOOSE_MODE[]=
   5          //{
   6          //      1700,1919,0,166,
   7          //      419,722,357,759,
   8          //      808,1133,357,759,
   9          //      1188,1548,357,759,
  10          //};
  11          //
  12          //void main_xs_choose_mode(void)
  13          //{
  14          //      u8 key;
  15          //      DIS_PICNUM(Pic_CHOOSE_MODE);
  16          //      set_check_handle();
  17          //      do{
  18          //              delay_ms(1);
  19          //              if(KEY_YES!=0x00)
  20          //              {
  21          //                      ADS7843_KEY(); //扫描按键
  22          //                      key=KEY_FANHUI(MAIN_KEY_CHOOSE_MODE,MAIN_CHOOSE_MODE); 
  23          //                      switch(key)
  24          //                      {
  25          //                              case 1:
  26          //                                      DIS_DEL_DIS(Pic_CHOOSE_MODE_DOWN,1700,0,1919,166,1700,0);
  27          //                                  XIANG1();
  28          //                                  INTERFACE = PAGE_ADVANCED_SETTINGS;
  29          //                                      goto over_main_xs_choose_mode;
  30          //                                      break;
  31          //                              case 2: //快速模式
  32          //                                      DIS_DEL_DIS(Pic_CHOOSE_MODE_DOWN,419,357,722,759,419,357);
  33          //                                  XIANG1();
  34          //                                      MODE_FLAG = FAST_MODE;
  35          //                                  INTERFACE = PAGE_CHECK_HANDLE;
  36          //                                      delay_ms(100);
  37          //                                      goto over_main_xs_choose_mode;
  38          //                                      break;
  39          //                              case 3: //普通模式
  40          //                                      DIS_DEL_DIS(Pic_CHOOSE_MODE_DOWN,808,357,1133,759,808,357);
  41          //                                  XIANG1();
  42          //                                      MODE_FLAG = NORMAL_MODE;
  43          //                                  INTERFACE = PAGE_CHECK_HANDLE;
  44          //                                      delay_ms(100);
  45          //                                      goto over_main_xs_choose_mode;
  46          //                                      break;
  47          //                              case 4: //专家模式
  48          //                                      DIS_DEL_DIS(Pic_CHOOSE_MODE_DOWN,1188,357,1546,759,1188,357);
  49          //                                  XIANG1();
  50          //                                      MODE_FLAG = PROFESSIONAL_MODE;
  51          //                                  INTERFACE = PAGE_CHECK_HANDLE;
  52          //                                      delay_ms(100);
  53          //                                      goto over_main_xs_choose_mode;
  54          //                                      break; 
C51 COMPILER V9.00   XS_CHOOSE_MODE                                                        08/14/2024 11:36:45 PAGE 2   

  55          //                      }
  56          //                      KEY_YES = 0;
  57          //              }
  58          //              WATER_TEMP = Get_ADC_RES_WATER_TEMP();//获取水温度
  59          //              if(WATER_TEMP != 255)
  60          //              {
  61          //                      if(WATER_TEMP >= WATER_COLD_UPPER_LIMITS)COLD_WATER_ON; //温度高了打开制冷
  62          //                      if(WATER_TEMP <= WATER_COLD_LOWER_LIMITS)COLD_WATER_OFF;//温度低了关闭制冷
  63          //              }else{COLD_WATER_OFF;}
  64          //                      
  65          //              if(HANDLE_PROBE_TEMP != 255)//手柄温度
  66          //              {
  67          //                      if(HANDLE_PROBE_TEMP >= HANDLE_PROBE_COLD_UPPER_LIMITS[HANDLE_PROBE_COLE_GEAR])COLD_HANDLE_PROBE_ON;    
             -//温度高了打开制冷
  68          //                      if(HANDLE_PROBE_TEMP <= HANDLE_PROBE_COLD_LOWER_LIMITS[HANDLE_PROBE_COLE_GEAR])COLD_HANDLE_PROBE_OFF;
             -//温度低了关闭制冷
  69          //              }else{COLD_HANDLE_PROBE_OFF;}
  70          //      }while(1);
  71          //      over_main_xs_choose_mode:
  72          //      _nop_();
  73          //}
  74          //
  75          // 
  76          // 
  77          // 
  78          // 
  79          // 
  80          // 
  81          // 
  82          // 
  83          // 
  84          // 
  85          // 
  86          // 


MODULE INFORMATION:   STATIC OVERLAYABLE
   CODE SIZE        =   ----    ----
   CONSTANT SIZE    =   ----    ----
   XDATA SIZE       =   ----    ----
   PDATA SIZE       =   ----    ----
   DATA SIZE        =   ----    ----
   IDATA SIZE       =   ----    ----
   BIT SIZE         =   ----    ----
END OF MODULE INFORMATION.


C51 COMPILATION COMPLETE.  0 WARNING(S),  0 ERROR(S)
