C51 COMPILER V9.00   XS_CHECK_HANDLE                                                       08/14/2024 11:36:45 PAGE 1   


C51 COMPILER V9.00, COMPILATION OF MODULE XS_CHECK_HANDLE
OBJECT MODULE PLACED IN ..\hex\XS_check_handle.obj
COMPILER INVOKED BY: C:\Keil _C51\C51\BIN\C51.EXE ..\main\XS_check_handle.c LARGE BROWSE INCDIR(..\user;..\common;..\dis
                    -play) DEBUG OBJECTEXTEND PRINT(.\LIST\XS_check_handle.lst) OBJECT(..\hex\XS_check_handle.obj)

line level    source

   1          //#include "config.h"
   2          //
   3          //const u8  code MAIN_KEY_CHECK_HANDLE = 2;
   4          //const u16 code MAIN_CHECK_HANDLE[]=
   5          //{
   6          //      0, 133,   0, 122,//1 返回
   7          //      801,1091,921,1065,
   8          //};
   9          //
  10          //void main_xs_check_handle(void)
  11          //{
  12          //      u8 key;
  13          //      if(RX_PROBE_MODE == 0){
  14          //              DIS_PICNUM(Pic_PROBE_MODE_ERROR);
  15          //      }else{
  16          //              DIS_PICNUM(Pic_PROBE_MODE_ERROR + RX_PROBE_MODE);
  17          //      }
  18          //      do{
  19          //              delay_ms(1);
  20          //              if(KEY_YES!=0x00)
  21          //              {
  22          //                      ADS7843_KEY(); //扫描按键
  23          //                      key=KEY_FANHUI(MAIN_KEY_CHECK_HANDLE,MAIN_CHECK_HANDLE); 
  24          //                      switch(key)
  25          //                      {
  26          //                              case 1:
  27          //                                      XIANG1();
  28          //                                      INTERFACE = PAGE_CHOOSE_MODE;
  29          //                                      delay_ms(100);
  30          //                                      goto over_main_xs_check_handle;
  31          //                                      break;
  32          //                              case 2:
  33          //                                      if(RX_PROBE_MODE > 0 && RX_PROBE_MODE < 5){
  34          //                                              XIANG1();
  35          //                                              if(MODE_FLAG == FAST_MODE){//快速模式
  36          //                                                      INTERFACE = PAGE_DIODE_LASER_WORK;
  37          //                                              }else if(MODE_FLAG == NORMAL_MODE){//普通模式
  38          //                                                      INTERFACE = PAGE_CHOOSE;
  39          //                                              }else if(MODE_FLAG == PROFESSIONAL_MODE){//专家模式
  40          //                                                      INTERFACE = PAGE_DIODE_LASER_WORK;
  41          //                                              }
  42          //                                              delay_ms(100);
  43          //                                              goto over_main_xs_check_handle;
  44          //                                      }else{KEY_YES = 0;}
  45          //                                      break;
  46          //                      }
  47          //                      KEY_YES = 0;
  48          //              }
  49          //              
  50          //              WATER_TEMP = Get_ADC_RES_WATER_TEMP();//获取水温度
  51          //              if(WATER_TEMP != 255)
  52          //              {
  53          //                      if(WATER_TEMP >= WATER_COLD_UPPER_LIMITS)COLD_WATER_ON; //温度高了打开制冷
  54          //                      if(WATER_TEMP <= WATER_COLD_LOWER_LIMITS)COLD_WATER_OFF;//温度低了关闭制冷
C51 COMPILER V9.00   XS_CHECK_HANDLE                                                       08/14/2024 11:36:45 PAGE 2   

  55          //              }else{COLD_WATER_OFF;}
  56          //              
  57          //              if(HANDLE_PROBE_TEMP != 255)//手柄温度
  58          //              {
  59          //                      if(HANDLE_PROBE_TEMP >= HANDLE_PROBE_COLD_UPPER_LIMITS[HANDLE_PROBE_COLE_GEAR])COLD_HANDLE_PROBE_ON;    
             -//温度高了打开制冷
  60          //                      if(HANDLE_PROBE_TEMP <= HANDLE_PROBE_COLD_LOWER_LIMITS[HANDLE_PROBE_COLE_GEAR])COLD_HANDLE_PROBE_OFF;
             -//温度低了关闭制冷
  61          //              }else{COLD_HANDLE_PROBE_OFF;}
  62          //              
  63          //      }while(1);
  64          //      over_main_xs_check_handle:
  65          //      _nop_();
  66          //}
  67          //
  68          // 
  69          // 
  70          // 
  71          // 
  72          // 
  73          // 
  74          // 
  75          // 
  76          // 
  77          // 


MODULE INFORMATION:   STATIC OVERLAYABLE
   CODE SIZE        =   ----    ----
   CONSTANT SIZE    =   ----    ----
   XDATA SIZE       =   ----    ----
   PDATA SIZE       =   ----    ----
   DATA SIZE        =   ----    ----
   IDATA SIZE       =   ----    ----
   BIT SIZE         =   ----    ----
END OF MODULE INFORMATION.


C51 COMPILATION COMPLETE.  0 WARNING(S),  0 ERROR(S)
